Component: ARM Compiler 5.06 update 3 (build 300) Tool: armlink [4d35c9]

==============================================================================

Section Cross References

    system_stm32l0xx.o(i.SystemCoreClockUpdate) refers to uidiv.o(.text) for __aeabi_uidivmod
    system_stm32l0xx.o(i.SystemCoreClockUpdate) refers to system_stm32l0xx.o(.data) for .data
    system_stm32l0xx.o(i.SystemCoreClockUpdate) refers to system_stm32l0xx.o(.constdata) for .constdata
    startup_stm32l082xx.o(RESET) refers to startup_stm32l082xx.o(STACK) for __initial_sp
    startup_stm32l082xx.o(RESET) refers to startup_stm32l082xx.o(.text) for Reset_Handler
    startup_stm32l082xx.o(RESET) refers to stm32l0xx_it.o(i.SysTick_Handler) for SysTick_Handler
    startup_stm32l082xx.o(RESET) refers to stm32l0xx_it.o(i.DMA1_Channel1_IRQHandler) for DMA1_Channel1_IRQHandler
    startup_stm32l082xx.o(RESET) refers to stm32l0xx_it.o(i.DMA1_Channel2_3_IRQHandler) for DMA1_Channel2_3_IRQHandler
    startup_stm32l082xx.o(RESET) refers to stm32l0xx_it.o(i.USB_IRQHandler) for USB_IRQHandler
    startup_stm32l082xx.o(.text) refers to system_stm32l0xx.o(i.SystemInit) for SystemInit
    startup_stm32l082xx.o(.text) refers to entry.o(.ARM.Collect$$$$00000000) for __main
    usbd_ctlreq.o(i.USBD_CtlError) refers to usbd_conf.o(i.USBD_LL_StallEP) for USBD_LL_StallEP
    usbd_ctlreq.o(i.USBD_GetDescriptor) refers to usbd_ctlreq.o(i.__ARM_common_switch8) for __ARM_common_switch8
    usbd_ctlreq.o(i.USBD_GetDescriptor) refers to usbd_ctlreq.o(i.USBD_CtlError) for USBD_CtlError
    usbd_ctlreq.o(i.USBD_GetDescriptor) refers to usbd_ioreq.o(i.USBD_CtlSendData) for USBD_CtlSendData
    usbd_ctlreq.o(i.USBD_SetConfig) refers to usbd_ctlreq.o(i.USBD_CtlError) for USBD_CtlError
    usbd_ctlreq.o(i.USBD_SetConfig) refers to usbd_core.o(i.USBD_ClrClassConfig) for USBD_ClrClassConfig
    usbd_ctlreq.o(i.USBD_SetConfig) refers to usbd_core.o(i.USBD_SetClassConfig) for USBD_SetClassConfig
    usbd_ctlreq.o(i.USBD_SetConfig) refers to usbd_ioreq.o(i.USBD_CtlSendStatus) for USBD_CtlSendStatus
    usbd_ctlreq.o(i.USBD_SetConfig) refers to usbd_ctlreq.o(.data) for .data
    usbd_ctlreq.o(i.USBD_StdDevReq) refers to usbd_ctlreq.o(i.__ARM_common_switch8) for __ARM_common_switch8
    usbd_ctlreq.o(i.USBD_StdDevReq) refers to usbd_ctlreq.o(i.USBD_GetDescriptor) for USBD_GetDescriptor
    usbd_ctlreq.o(i.USBD_StdDevReq) refers to usbd_conf.o(i.USBD_LL_SetUSBAddress) for USBD_LL_SetUSBAddress
    usbd_ctlreq.o(i.USBD_StdDevReq) refers to usbd_ioreq.o(i.USBD_CtlSendStatus) for USBD_CtlSendStatus
    usbd_ctlreq.o(i.USBD_StdDevReq) refers to usbd_ctlreq.o(i.USBD_SetConfig) for USBD_SetConfig
    usbd_ctlreq.o(i.USBD_StdDevReq) refers to usbd_ctlreq.o(i.USBD_CtlError) for USBD_CtlError
    usbd_ctlreq.o(i.USBD_StdDevReq) refers to usbd_ioreq.o(i.USBD_CtlSendData) for USBD_CtlSendData
    usbd_ctlreq.o(i.USBD_StdEPReq) refers to usbd_conf.o(i.USBD_LL_StallEP) for USBD_LL_StallEP
    usbd_ctlreq.o(i.USBD_StdEPReq) refers to usbd_conf.o(i.USBD_LL_ClearStallEP) for USBD_LL_ClearStallEP
    usbd_ctlreq.o(i.USBD_StdEPReq) refers to usbd_ioreq.o(i.USBD_CtlSendStatus) for USBD_CtlSendStatus
    usbd_ctlreq.o(i.USBD_StdEPReq) refers to usbd_ctlreq.o(i.USBD_CtlError) for USBD_CtlError
    usbd_ctlreq.o(i.USBD_StdEPReq) refers to usbd_conf.o(i.USBD_LL_IsStallEP) for USBD_LL_IsStallEP
    usbd_ctlreq.o(i.USBD_StdEPReq) refers to usbd_ioreq.o(i.USBD_CtlSendData) for USBD_CtlSendData
    usbd_ctlreq.o(i.USBD_StdItfReq) refers to usbd_ioreq.o(i.USBD_CtlSendStatus) for USBD_CtlSendStatus
    usbd_ctlreq.o(i.USBD_StdItfReq) refers to usbd_ctlreq.o(i.USBD_CtlError) for USBD_CtlError
    usbd_core.o(i.USBD_DeInit) refers to usbd_conf.o(i.USBD_LL_Stop) for USBD_LL_Stop
    usbd_core.o(i.USBD_DeInit) refers to usbd_conf.o(i.USBD_LL_DeInit) for USBD_LL_DeInit
    usbd_core.o(i.USBD_Init) refers to usbd_conf.o(i.USBD_LL_Init) for USBD_LL_Init
    usbd_core.o(i.USBD_LL_DataInStage) refers to usbd_ioreq.o(i.USBD_CtlContinueSendData) for USBD_CtlContinueSendData
    usbd_core.o(i.USBD_LL_DataInStage) refers to uidiv.o(.text) for __aeabi_uidivmod
    usbd_core.o(i.USBD_LL_DataInStage) refers to usbd_conf.o(i.USBD_LL_PrepareReceive) for USBD_LL_PrepareReceive
    usbd_core.o(i.USBD_LL_DataInStage) refers to usbd_ioreq.o(i.USBD_CtlReceiveStatus) for USBD_CtlReceiveStatus
    usbd_core.o(i.USBD_LL_DataOutStage) refers to usbd_ioreq.o(i.USBD_CtlContinueRx) for USBD_CtlContinueRx
    usbd_core.o(i.USBD_LL_DataOutStage) refers to usbd_ioreq.o(i.USBD_CtlSendStatus) for USBD_CtlSendStatus
    usbd_core.o(i.USBD_LL_Reset) refers to usbd_conf.o(i.USBD_LL_OpenEP) for USBD_LL_OpenEP
    usbd_core.o(i.USBD_LL_SetupStage) refers to usbd_ctlreq.o(i.USBD_ParseSetupRequest) for USBD_ParseSetupRequest
    usbd_core.o(i.USBD_LL_SetupStage) refers to usbd_conf.o(i.USBD_LL_StallEP) for USBD_LL_StallEP
    usbd_core.o(i.USBD_LL_SetupStage) refers to usbd_ctlreq.o(i.USBD_StdDevReq) for USBD_StdDevReq
[...]
    i.DiceChkInitialized                     0x08000d90   Section        0  dice.o(i.DiceChkInitialized)
    i.DiceDeriveData                         0x08000dac   Section        0  dice.o(i.DiceDeriveData)
    i.DiceDumpAppInfo                        0x08000ec0   Section        0  dice.o(i.DiceDumpAppInfo)
    i.DiceDumpProtectedData                  0x08001084   Section        0  dice.o(i.DiceDumpProtectedData)
    i.DiceInitialize                         0x080012ec   Section        0  dice.o(i.DiceInitialize)
    i.DiceLockOutPersistedData               0x08001318   Section        0  dice.o(i.DiceLockOutPersistedData)
    i.DicePrintData                          0x08001360   Section        0  dice.o(i.DicePrintData)
    i.DiceVolatileData                       0x08001410   Section        0  dice.o(i.DiceVolatileData)
    i.Error_Handler                          0x08001530   Section        0  main.o(i.Error_Handler)
    i.FLASH_ErasePage                        0x08001534   Section        0  stm32l0xx_hal_flash.o(i.FLASH_ErasePage)
    i.FLASH_SetErrorCode                     0x0800155c   Section        0  stm32l0xx_hal_flash.o(i.FLASH_SetErrorCode)
    FLASH_SetErrorCode                       0x0800155d   Thumb Code   108  stm32l0xx_hal_flash.o(i.FLASH_SetErrorCode)
    i.FLASH_WaitForLastOperation             0x080015d4   Section        0  stm32l0xx_hal_flash.o(i.FLASH_WaitForLastOperation)
    i.GenerateDfuDescriptionString           0x08001654   Section        0  usbd_dfu_if.o(i.GenerateDfuDescriptionString)
    i.HAL_CRYP_AESCBC_Decrypt                0x080016d4   Section        0  stm32l0xx_hal_cryp.o(i.HAL_CRYP_AESCBC_Decrypt)
    i.HAL_CRYP_AESCBC_Decrypt_DMA            0x08001768   Section        0  stm32l0xx_hal_cryp.o(i.HAL_CRYP_AESCBC_Decrypt_DMA)
    i.HAL_CRYP_AESCBC_Encrypt                0x080017ee   Section        0  stm32l0xx_hal_cryp.o(i.HAL_CRYP_AESCBC_Encrypt)
    i.HAL_CRYP_AESCBC_Encrypt_DMA            0x08001882   Section        0  stm32l0xx_hal_cryp.o(i.HAL_CRYP_AESCBC_Encrypt_DMA)
    i.HAL_CRYP_DeInit                        0x080018fe   Section        0  stm32l0xx_hal_cryp.o(i.HAL_CRYP_DeInit)
    i.HAL_CRYP_ErrorCallback                 0x08001932   Section        0  stm32l0xx_hal_cryp.o(i.HAL_CRYP_ErrorCallback)
    i.HAL_CRYP_GetState                      0x08001934   Section        0  stm32l0xx_hal_cryp.o(i.HAL_CRYP_GetState)
    i.HAL_CRYP_InCpltCallback                0x0800193a   Section        0  stm32l0xx_hal_cryp.o(i.HAL_CRYP_InCpltCallback)
    i.HAL_CRYP_Init                          0x0800193c   Section        0  stm32l0xx_hal_cryp.o(i.HAL_CRYP_Init)
    i.HAL_CRYP_MspDeInit                     0x08001980   Section        0  stm32l0xx_hal_msp.o(i.HAL_CRYP_MspDeInit)
    i.HAL_CRYP_MspInit                       0x08001994   Section        0  stm32l0xx_hal_msp.o(i.HAL_CRYP_MspInit)
    i.HAL_CRYP_OutCpltCallback               0x08001a70   Section        0  stm32l0xx_hal_cryp.o(i.HAL_CRYP_OutCpltCallback)
    i.HAL_DMA_DeInit                         0x08001a74   Section        0  stm32l0xx_hal_dma.o(i.HAL_DMA_DeInit)
    i.HAL_DMA_IRQHandler                     0x08001c48   Section        0  stm32l0xx_hal_dma.o(i.HAL_DMA_IRQHandler)
    i.HAL_DMA_Init                           0x08001ec8   Section        0  stm32l0xx_hal_dma.o(i.HAL_DMA_Init)
    i.HAL_DMA_Start_IT                       0x08001fd0   Section        0  stm32l0xx_hal_dma.o(i.HAL_DMA_Start_IT)
    i.HAL_DeInit                             0x08002020   Section        0  stm32l0xx_hal.o(i.HAL_DeInit)
    i.HAL_Delay                              0x08002048   Section        0  stm32l0xx_hal.o(i.HAL_Delay)
    i.HAL_FIREWALL_Config                    0x08002060   Section        0  stm32l0xx_hal_firewall.o(i.HAL_FIREWALL_Config)
    i.HAL_FIREWALL_EnableFirewall            0x080020d4   Section        0  stm32l0xx_hal_firewall.o(i.HAL_FIREWALL_EnableFirewall)
    i.HAL_FLASHEx_Erase                      0x080020e4   Section        0  stm32l0xx_hal_flash_ex.o(i.HAL_FLASHEx_Erase)
    i.HAL_FLASH_Lock                         0x0800215c   Section        0  stm32l0xx_hal_flash.o(i.HAL_FLASH_Lock)
    i.HAL_FLASH_Program                      0x08002170   Section        0  stm32l0xx_hal_flash.o(i.HAL_FLASH_Program)
    i.HAL_FLASH_Unlock                       0x080021ac   Section        0  stm32l0xx_hal_flash.o(i.HAL_FLASH_Unlock)
    i.HAL_GPIO_Init                          0x080021e8   Section        0  stm32l0xx_hal_gpio.o(i.HAL_GPIO_Init)
    i.HAL_GPIO_ReadPin                       0x0800236c   Section        0  stm32l0xx_hal_gpio.o(i.HAL_GPIO_ReadPin)
    i.HAL_GPIO_TogglePin                     0x08002376   Section        0  stm32l0xx_hal_gpio.o(i.HAL_GPIO_TogglePin)
    i.HAL_GPIO_WritePin                      0x0800237e   Section        0  stm32l0xx_hal_gpio.o(i.HAL_GPIO_WritePin)
    i.HAL_GetTick                            0x0800238c   Section        0  stm32l0xx_hal.o(i.HAL_GetTick)
    i.HAL_HalfDuplex_Init                    0x08002398   Section        0  stm32l0xx_hal_uart.o(i.HAL_HalfDuplex_Init)
    i.HAL_IncTick                            0x08002408   Section        0  stm32l0xx_hal.o(i.HAL_IncTick)
    i.HAL_Init                               0x08002418   Section        0  stm32l0xx_hal.o(i.HAL_Init)
    i.HAL_InitTick                           0x08002438   Section        0  stm32l0xx_hal.o(i.HAL_InitTick)
    i.HAL_MspDeInit                          0x08002460   Section        0  stm32l0xx_hal.o(i.HAL_MspDeInit)
    i.HAL_MspInit                            0x08002464   Section        0  stm32l0xx_hal_msp.o(i.HAL_MspInit)
    i.HAL_NVIC_EnableIRQ                     0x08002494   Section        0  stm32l0xx_hal_cortex.o(i.HAL_NVIC_EnableIRQ)
    i.HAL_NVIC_SetPriority                   0x080024a8   Section        0  stm32l0xx_hal_cortex.o(i.HAL_NVIC_SetPriority)
    i.HAL_PCDEx_PMAConfig                    0x080024b0   Section        0  stm32l0xx_hal_pcd_ex.o(i.HAL_PCDEx_PMAConfig)
    i.HAL_PCD_DataInStageCallback            0x080024ea   Section        0  usbd_conf.o(i.HAL_PCD_DataInStageCallback)
    i.HAL_PCD_DataOutStageCallback           0x08002502   Section        0  usbd_conf.o(i.HAL_PCD_DataOutStageCallback)
    i.HAL_PCD_EP_ClrStall                    0x08002520   Section        0  stm32l0xx_hal_pcd.o(i.HAL_PCD_EP_ClrStall)
    i.HAL_PCD_EP_Open                        0x080025d8   Section        0  stm32l0xx_hal_pcd.o(i.HAL_PCD_EP_Open)
    i.HAL_PCD_EP_Receive                     0x08002898   Section        0  stm32l0xx_hal_pcd.o(i.HAL_PCD_EP_Receive)
    i.HAL_PCD_EP_SetStall                    0x080029d0   Section        0  stm32l0xx_hal_pcd.o(i.HAL_PCD_EP_SetStall)
    i.HAL_PCD_EP_Transmit                    0x08002a64   Section        0  stm32l0xx_hal_pcd.o(i.HAL_PCD_EP_Transmit)
    i.HAL_PCD_IRQHandler                     0x08002bfc   Section        0  stm32l0xx_hal_pcd.o(i.HAL_PCD_IRQHandler)
    i.HAL_PCD_Init                           0x08002d08   Section        0  stm32l0xx_hal_pcd.o(i.HAL_PCD_Init)
    i.HAL_PCD_MspInit                        0x08002da4   Section        0  usbd_conf.o(i.HAL_PCD_MspInit)
    i.HAL_PCD_ResetCallback                  0x08002dd4   Section        0  usbd_conf.o(i.HAL_PCD_ResetCallback)
    i.HAL_PCD_ResumeCallback                 0x08002dec   Section        0  usbd_conf.o(i.HAL_PCD_ResumeCallback)
    i.HAL_PCD_SOFCallback                    0x08002e18   Section        0  usbd_conf.o(i.HAL_PCD_SOFCallback)
    i.HAL_PCD_SetAddress                     0x08002e28   Section        0  stm32l0xx_hal_pcd.o(i.HAL_PCD_SetAddress)
    i.HAL_PCD_SetupStageCallback             0x08002e54   Section        0  usbd_conf.o(i.HAL_PCD_SetupStageCallback)
    i.HAL_PCD_Start                          0x08002e6a   Section        0  stm32l0xx_hal_pcd.o(i.HAL_PCD_Start)
    i.HAL_PCD_Stop                           0x08002e7c   Section        0  stm32l0xx_hal_pcd.o(i.HAL_PCD_Stop)
    i.HAL_PCD_SuspendCallback                0x08002eac   Section        0  usbd_conf.o(i.HAL_PCD_SuspendCallback)
    i.HAL_RCCEx_PeriphCLKConfig              0x08002ed4   Section        0  stm32l0xx_hal_rcc_ex.o(i.HAL_RCCEx_PeriphCLKConfig)
    i.HAL_RCC_ClockConfig                    0x08003048   Section        0  stm32l0xx_hal_rcc.o(i.HAL_RCC_ClockConfig)
    i.HAL_RCC_DeInit                         0x080031b0   Section        0  stm32l0xx_hal_rcc.o(i.HAL_RCC_DeInit)
    i.HAL_RCC_GetHCLKFreq                    0x080031f4   Section        0  stm32l0xx_hal_rcc.o(i.HAL_RCC_GetHCLKFreq)
    i.HAL_RCC_GetPCLK1Freq                   0x08003200   Section        0  stm32l0xx_hal_rcc.o(i.HAL_RCC_GetPCLK1Freq)
    i.HAL_RCC_GetPCLK2Freq                   0x08003220   Section        0  stm32l0xx_hal_rcc.o(i.HAL_RCC_GetPCLK2Freq)
    i.HAL_RCC_GetSysClockFreq                0x08003240   Section        0  stm32l0xx_hal_rcc.o(i.HAL_RCC_GetSysClockFreq)
    i.HAL_RCC_OscConfig                      0x080032c4   Section        0  stm32l0xx_hal_rcc.o(i.HAL_RCC_OscConfig)
    i.HAL_RNG_GenerateRandomNumber           0x08003702   Section        0  stm32l0xx_hal_rng.o(i.HAL_RNG_GenerateRandomNumber)
    i.HAL_RNG_Init                           0x08003766   Section        0  stm32l0xx_hal_rng.o(i.HAL_RNG_Init)
    i.HAL_RNG_MspInit                        0x080037a8   Section        0  stm32l0xx_hal_msp.o(i.HAL_RNG_MspInit)
    i.HAL_SYSTICK_CLKSourceConfig            0x080037c8   Section        0  stm32l0xx_hal_cortex.o(i.HAL_SYSTICK_CLKSourceConfig)
    i.HAL_SYSTICK_Callback                   0x080037e0   Section        0  stm32l0xx_hal_cortex.o(i.HAL_SYSTICK_Callback)
    i.HAL_SYSTICK_Config                     0x080037e4   Section        0  stm32l0xx_hal_cortex.o(i.HAL_SYSTICK_Config)
    i.HAL_SYSTICK_IRQHandler                 0x08003814   Section        0  stm32l0xx_hal_cortex.o(i.HAL_SYSTICK_IRQHandler)
    i.HAL_UART_MspInit                       0x0800381c   Section        0  stm32l0xx_hal_msp.o(i.HAL_UART_MspInit)
    i.HAL_UART_Transmit                      0x0800385c   Section        0  stm32l0xx_hal_uart.o(i.HAL_UART_Transmit)
    i.MEM_If_DeInit_FS                       0x080038fc   Section        0  usbd_dfu_if.o(i.MEM_If_DeInit_FS)
    MEM_If_DeInit_FS                         0x080038fd   Thumb Code    32  usbd_dfu_if.o(i.MEM_If_DeInit_FS)
    i.MEM_If_Erase_FS                        0x08003950   Section        0  usbd_dfu_if.o(i.MEM_If_Erase_FS)
    MEM_If_Erase_FS                          0x08003951   Thumb Code    86  usbd_dfu_if.o(i.MEM_If_Erase_FS)
    i.MEM_If_GetStatus_FS                    0x080039ec   Section        0  usbd_dfu_if.o(i.MEM_If_GetStatus_FS)
    MEM_If_GetStatus_FS                      0x080039ed   Thumb Code    30  usbd_dfu_if.o(i.MEM_If_GetStatus_FS)
    i.MEM_If_Init_FS                         0x08003a3c   Section        0  usbd_dfu_if.o(i.MEM_If_Init_FS)
    MEM_If_Init_FS                           0x08003a3d   Thumb Code    32  usbd_dfu_if.o(i.MEM_If_Init_FS)
    i.MEM_If_Read_FS                         0x08003a8c   Section        0  usbd_dfu_if.o(i.MEM_If_Read_FS)
    MEM_If_Read_FS                           0x08003a8d   Thumb Code    60  usbd_dfu_if.o(i.MEM_If_Read_FS)
    i.MEM_If_Write_FS                        0x08003b10   Section        0  usbd_dfu_if.o(i.MEM_If_Write_FS)
    MEM_If_Write_FS                          0x08003b11   Thumb Code   438  usbd_dfu_if.o(i.MEM_If_Write_FS)
    i.MX_GPIO_Init                           0x08003d2c   Section        0  main.o(i.MX_GPIO_Init)
    MX_GPIO_Init                             0x08003d2d   Thumb Code    86  main.o(i.MX_GPIO_Init)
    i.MX_USART2_UART_Init                    0x08003d8c   Section        0  main.o(i.MX_USART2_UART_Init)
    MX_USART2_UART_Init                      0x08003d8d   Thumb Code    46  main.o(i.MX_USART2_UART_Init)
    i.MX_USB_DEVICE_Init                     0x08003dc4   Section        0  usb_device.o(i.MX_USB_DEVICE_Init)
    i.NVIC_SetPriority                       0x08003dfc   Section        0  stm32l0xx_hal_cortex.o(i.NVIC_SetPriority)
    NVIC_SetPriority                         0x08003dfd   Thumb Code    60  stm32l0xx_hal_cortex.o(i.NVIC_SetPriority)
    i.PCD_EP_ISR_Handler                     0x08003e40   Section        0  stm32l0xx_hal_pcd.o(i.PCD_EP_ISR_Handler)
    PCD_EP_ISR_Handler                       0x08003e41   Thumb Code   806  stm32l0xx_hal_pcd.o(i.PCD_EP_ISR_Handler)
    i.PCD_ReadPMA                            0x0800417c   Section        0  stm32l0xx_hal_pcd.o(i.PCD_ReadPMA)
    i.PCD_WritePMA                           0x0800419a   Section        0  stm32l0xx_hal_pcd.o(i.PCD_WritePMA)
    i.SysTick_Handler                        0x080041c0   Section        0  stm32l0xx_it.o(i.SysTick_Handler)
    i.SystemClock_Config                     0x080041cc   Section        0  main.o(i.SystemClock_Config)
    i.SystemInit                             0x08004274   Section        0  system_stm32l0xx.o(i.SystemInit)
    i.UART_AdvFeatureConfig                  0x080042c8   Section        0  stm32l0xx_hal_uart.o(i.UART_AdvFeatureConfig)
    i.UART_CheckIdleState                    0x08004394   Section        0  stm32l0xx_hal_uart.o(i.UART_CheckIdleState)
    i.UART_SetConfig                         0x080043ec   Section        0  stm32l0xx_hal_uart.o(i.UART_SetConfig)
    i.UART_WaitOnFlagUntilTimeout            0x0800468c   Section        0  stm32l0xx_hal_uart.o(i.UART_WaitOnFlagUntilTimeout)
    i.USBD_ClrClassConfig                    0x0800473e   Section        0  usbd_core.o(i.USBD_ClrClassConfig)
    i.USBD_CtlContinueRx                     0x0800474e   Section        0  usbd_ioreq.o(i.USBD_CtlContinueRx)
    i.USBD_CtlContinueSendData               0x0800475e   Section        0  usbd_ioreq.o(i.USBD_CtlContinueSendData)
    i.USBD_CtlError                          0x0800476e   Section        0  usbd_ctlreq.o(i.USBD_CtlError)
    i.USBD_CtlPrepareRx                      0x08004782   Section        0  usbd_ioreq.o(i.USBD_CtlPrepareRx)
    i.USBD_CtlReceiveStatus                  0x080047a2   Section        0  usbd_ioreq.o(i.USBD_CtlReceiveStatus)
    i.USBD_CtlSendData                       0x080047ba   Section        0  usbd_ioreq.o(i.USBD_CtlSendData)
    i.USBD_CtlSendStatus                     0x080047d6   Section        0  usbd_ioreq.o(i.USBD_CtlSendStatus)
    i.USBD_DFU_DataIn                        0x080047ee   Section        0  usbd_dfu.o(i.USBD_DFU_DataIn)
    USBD_DFU_DataIn                          0x080047ef   Thumb Code     4  usbd_dfu.o(i.USBD_DFU_DataIn)
    i.USBD_DFU_DataOut                       0x080047f2   Section        0  usbd_dfu.o(i.USBD_DFU_DataOut)
    USBD_DFU_DataOut                         0x080047f3   Thumb Code     4  usbd_dfu.o(i.USBD_DFU_DataOut)
    i.USBD_DFU_DeInit                        0x080047f6   Section        0  usbd_dfu.o(i.USBD_DFU_DeInit)
    USBD_DFU_DeInit                          0x080047f7   Thumb Code    54  usbd_dfu.o(i.USBD_DFU_DeInit)
    i.USBD_DFU_EP0_RxReady                   0x0800482c   Section        0  usbd_dfu.o(i.USBD_DFU_EP0_RxReady)
    USBD_DFU_EP0_RxReady                     0x0800482d   Thumb Code     4  usbd_dfu.o(i.USBD_DFU_EP0_RxReady)
    i.USBD_DFU_EP0_TxReady                   0x08004830   Section        0  usbd_dfu.o(i.USBD_DFU_EP0_TxReady)
    USBD_DFU_EP0_TxReady                     0x08004831   Thumb Code   204  usbd_dfu.o(i.USBD_DFU_EP0_TxReady)
    i.USBD_DFU_GetCfgDesc                    0x08004900   Section        0  usbd_dfu.o(i.USBD_DFU_GetCfgDesc)
    USBD_DFU_GetCfgDesc                      0x08004901   Thumb Code     8  usbd_dfu.o(i.USBD_DFU_GetCfgDesc)
    i.USBD_DFU_GetDeviceQualifierDesc        0x0800490c   Section        0  usbd_dfu.o(i.USBD_DFU_GetDeviceQualifierDesc)
    USBD_DFU_GetDeviceQualifierDesc          0x0800490d   Thumb Code     8  usbd_dfu.o(i.USBD_DFU_GetDeviceQualifierDesc)
    i.USBD_DFU_GetUsrStringDesc              0x08004918   Section        0  usbd_dfu.o(i.USBD_DFU_GetUsrStringDesc)
    USBD_DFU_GetUsrStringDesc                0x08004919   Thumb Code    30  usbd_dfu.o(i.USBD_DFU_GetUsrStringDesc)
    i.USBD_DFU_Init                          0x0800493c   Section        0  usbd_dfu.o(i.USBD_DFU_Init)
    USBD_DFU_Init                            0x0800493d   Thumb Code    76  usbd_dfu.o(i.USBD_DFU_Init)
    i.USBD_DFU_IsoINIncomplete               0x08004988   Section        0  usbd_dfu.o(i.USBD_DFU_IsoINIncomplete)
    USBD_DFU_IsoINIncomplete                 0x08004989   Thumb Code     4  usbd_dfu.o(i.USBD_DFU_IsoINIncomplete)
    i.USBD_DFU_IsoOutIncomplete              0x0800498c   Section        0  usbd_dfu.o(i.USBD_DFU_IsoOutIncomplete)
    USBD_DFU_IsoOutIncomplete                0x0800498d   Thumb Code     4  usbd_dfu.o(i.USBD_DFU_IsoOutIncomplete)
    i.USBD_DFU_RegisterMedia                 0x08004990   Section        0  usbd_dfu.o(i.USBD_DFU_RegisterMedia)
    i.USBD_DFU_SOF                           0x080049a0   Section        0  usbd_dfu.o(i.USBD_DFU_SOF)
    USBD_DFU_SOF                             0x080049a1   Thumb Code     4  usbd_dfu.o(i.USBD_DFU_SOF)
    i.USBD_DFU_Setup                         0x080049a4   Section        0  usbd_dfu.o(i.USBD_DFU_Setup)
    USBD_DFU_Setup                           0x080049a5   Thumb Code   238  usbd_dfu.o(i.USBD_DFU_Setup)
    i.USBD_FS_ConfigStrDescriptor            0x08004a9c   Section        0  usbd_desc.o(i.USBD_FS_ConfigStrDescriptor)
    i.USBD_FS_DeviceDescriptor               0x08004abc   Section        0  usbd_desc.o(i.USBD_FS_DeviceDescriptor)
    i.USBD_FS_InterfaceStrDescriptor         0x08004ac8   Section        0  usbd_desc.o(i.USBD_FS_InterfaceStrDescriptor)
    i.USBD_FS_LangIDStrDescriptor            0x08004aec   Section        0  usbd_desc.o(i.USBD_FS_LangIDStrDescriptor)
    i.USBD_FS_ManufacturerStrDescriptor      0x08004af8   Section        0  usbd_desc.o(i.USBD_FS_ManufacturerStrDescriptor)
    i.USBD_FS_ProductStrDescriptor           0x08004b20   Section        0  usbd_desc.o(i.USBD_FS_ProductStrDescriptor)
    i.USBD_FS_SerialStrDescriptor            0x08004b54   Section        0  usbd_desc.o(i.USBD_FS_SerialStrDescriptor)
    i.USBD_GetDescriptor                     0x08004b78   Section        0  usbd_ctlreq.o(i.USBD_GetDescriptor)
    USBD_GetDescriptor                       0x08004b79   Thumb Code   238  usbd_ctlreq.o(i.USBD_GetDescriptor)
    i.USBD_GetString                         0x08004c66   Section        0  usbd_ctlreq.o(i.USBD_GetString)
    i.USBD_Init                              0x08004caa   Section        0  usbd_core.o(i.USBD_Init)
    i.USBD_LL_ClearStallEP                   0x08004cdc   Section        0  usbd_conf.o(i.USBD_LL_ClearStallEP)
    i.USBD_LL_DataInStage                    0x08004cee   Section        0  usbd_core.o(i.USBD_LL_DataInStage)
    i.USBD_LL_DataOutStage                   0x08004da4   Section        0  usbd_core.o(i.USBD_LL_DataOutStage)
    i.USBD_LL_Init                           0x08004e18   Section        0  usbd_conf.o(i.USBD_LL_Init)
    i.USBD_LL_IsStallEP                      0x08004e78   Section        0  usbd_conf.o(i.USBD_LL_IsStallEP)
    i.USBD_LL_OpenEP                         0x08004e9c   Section        0  usbd_conf.o(i.USBD_LL_OpenEP)
    i.USBD_LL_PrepareReceive                 0x08004eb4   Section        0  usbd_conf.o(i.USBD_LL_PrepareReceive)
    i.USBD_LL_Reset                          0x08004ec6   Section        0  usbd_core.o(i.USBD_LL_Reset)
    i.USBD_LL_Resume                         0x08004f0c   Section        0  usbd_core.o(i.USBD_LL_Resume)
    i.USBD_LL_SOF                            0x08004f18   Section        0  usbd_core.o(i.USBD_LL_SOF)
    i.USBD_LL_SetSpeed                       0x08004f36   Section        0  usbd_core.o(i.USBD_LL_SetSpeed)
    i.USBD_LL_SetUSBAddress                  0x08004f3c   Section        0  usbd_conf.o(i.USBD_LL_SetUSBAddress)
    i.USBD_LL_SetupStage                     0x08004f4e   Section        0  usbd_core.o(i.USBD_LL_SetupStage)
    i.USBD_LL_StallEP                        0x08004fac   Section        0  usbd_conf.o(i.USBD_LL_StallEP)
    i.USBD_LL_Start                          0x08004fbe   Section        0  usbd_conf.o(i.USBD_LL_Start)
    i.USBD_LL_Stop                           0x08004fd0   Section        0  usbd_conf.o(i.USBD_LL_Stop)
    i.USBD_LL_Suspend                        0x08004fe2   Section        0  usbd_core.o(i.USBD_LL_Suspend)
    i.USBD_LL_Transmit                       0x08004ff2   Section        0  usbd_conf.o(i.USBD_LL_Transmit)
    i.USBD_ParseSetupRequest                 0x08005004   Section        0  usbd_ctlreq.o(i.USBD_ParseSetupRequest)
    i.USBD_RegisterClass                     0x0800502c   Section        0  usbd_core.o(i.USBD_RegisterClass)
    i.USBD_SetClassConfig                    0x08005042   Section        0  usbd_core.o(i.USBD_SetClassConfig)
    i.USBD_SetConfig                         0x08005060   Section        0  usbd_ctlreq.o(i.USBD_SetConfig)
    USBD_SetConfig                           0x08005061   Thumb Code   108  usbd_ctlreq.o(i.USBD_SetConfig)
    i.USBD_Start                             0x080050d0   Section        0  usbd_core.o(i.USBD_Start)
    i.USBD_StdDevReq                         0x080050da   Section        0  usbd_ctlreq.o(i.USBD_StdDevReq)
    i.USBD_StdEPReq                          0x080051c8   Section        0  usbd_ctlreq.o(i.USBD_StdEPReq)
    i.USBD_StdItfReq                         0x080052b2   Section        0  usbd_ctlreq.o(i.USBD_StdItfReq)
    i.USBD_Stop                              0x080052ec   Section        0  usbd_core.o(i.USBD_Stop)
    i.USBD_static_free                       0x0800530a   Section        0  usbd_conf.o(i.USBD_static_free)
    i.USBD_static_malloc                     0x0800530c   Section        0  usbd_conf.o(i.USBD_static_malloc)
    i.USB_IRQHandler                         0x08005314   Section        0  stm32l0xx_it.o(i.USB_IRQHandler)
    i.__0fprintf$8                           0x08005324   Section        0  printf8.o(i.__0fprintf$8)
    i.__0printf$8                            0x08005340   Section        0  printf8.o(i.__0printf$8)
    i.__0sprintf$8                           0x08005360   Section        0  printf8.o(i.__0sprintf$8)
    i.__ARM_clz                              0x08005388   Section        0  depilogue.o(i.__ARM_clz)
    i.__ARM_common_switch8                   0x080053b6   Section        0  usbd_ctlreq.o(i.__ARM_common_switch8)
    i.__scatterload_copy                     0x080053d0   Section       14  handlers.o(i.__scatterload_copy)
    i.__scatterload_null                     0x080053de   Section        2  handlers.o(i.__scatterload_null)
    i.__scatterload_zeroinit                 0x080053e0   Section       14  handlers.o(i.__scatterload_zeroinit)
    i._printf_core                           0x080053f0   Section        0  printf8.o(i._printf_core)
    _printf_core                             0x080053f1   Thumb Code  1020  printf8.o(i._printf_core)
    i._printf_post_padding                   0x08005818   Section        0  printf8.o(i._printf_post_padding)
    _printf_post_padding                     0x08005819   Thumb Code    32  printf8.o(i._printf_post_padding)
    i._printf_pre_padding                    0x08005838   Section        0  printf8.o(i._printf_pre_padding)
    _printf_pre_padding                      0x08005839   Thumb Code    44  printf8.o(i._printf_pre_padding)
    i._sputc                                 0x08005864   Section        0  printf8.o(i._sputc)
    _sputc                                   0x08005865   Thumb Code    10  printf8.o(i._sputc)
    i.fputc                                  0x08005870   Section        0  main.o(i.fputc)
    i.main                                   0x0800589c   Section        0  main.o(i.main)
    .constdata                               0x08005b2c   Section       25  system_stm32l0xx.o(.constdata)
    .constdata                               0x08005b45   Section        8  system_stm32l0xx.o(.constdata)
    .constdata                               0x08005b50   Section       36  usbd_dfu_if.o(.constdata)
    .constdata                               0x08005b74   Section       12  localtime.o(.constdata)
    monlen                                   0x08005b74   Data          12  localtime.o(.constdata)
    .constdata                               0x08005b80   Section       57  asctime.o(.constdata)
    week                                     0x08005b80   Data          21  asctime.o(.constdata)
    mon                                      0x08005b95   Data          36  asctime.o(.constdata)
    .conststring                             0x08005bbc   Section      144  main.o(.conststring)
    .conststring                             0x08005c4c   Section      358  dice.o(.conststring)
    .data                                    0x20000100   Section        4  system_stm32l0xx.o(.data)
    .data                                    0x20000104   Section        1  usbd_ctlreq.o(.data)
    cfgidx                                   0x20000104   Data           1  usbd_ctlreq.o(.data)
    .data                                    0x20000108   Section       60  usbd_dfu.o(.data)
    .data                                    0x20000144   Section       38  usbd_dfu.o(.data)
    USBD_DFU_CfgDesc                         0x20000144   Data          27  usbd_dfu.o(.data)
    USBD_DFU_DeviceQualifierDesc             0x20000160   Data          10  usbd_dfu.o(.data)
    .data                                    0x2000016c   Section        4  stm32l0xx_hal.o(.data)
    .data                                    0x20000170   Section        4  main.o(.data)
    .data                                    0x20000174   Section        4  main.o(.data)
    .data                                    0x20000178   Section       28  usbd_dfu_if.o(.data)
    .data                                    0x20000194   Section       28  usbd_desc.o(.data)
    .data                                    0x200001b0   Section       22  usbd_desc.o(.data)
    .data                                    0x200001c8   Section       12  dice.o(.data)
    .bss                                     0x200001d4   Section      255  usbd_dfu.o(.bss)
    USBD_StrDesc                             0x200001d4   Data         255  usbd_dfu.o(.bss)
    .bss                                     0x200002d4   Section       24  stm32l0xx_hal_flash.o(.bss)
    .bss                                     0x200002ec   Section       44  main.o(.bss)
    .bss                                     0x20000318   Section       32  main.o(.bss)
    .bss                                     0x20000338   Section      124  main.o(.bss)
    .bss                                     0x200003b4   Section     1596  usbd_conf.o(.bss)
    mem                                      0x200003b4   Data        1052  usbd_conf.o(.bss)
    .bss                                     0x200009f0   Section      120  stm32l0xx_hal_msp.o(.bss)
    hdmaIn                                   0x200009f0   Data          60  stm32l0xx_hal_msp.o(.bss)
    hdmaOut                                  0x20000a2c   Data          60  stm32l0xx_hal_msp.o(.bss)
    .bss                                     0x20000a68   Section      512  usbd_dfu_if.o(.bss)
    .bss                                     0x20000c68   Section      548  usb_device.o(.bss)
    .bss                                     0x20000e8c   Section      512  usbd_desc.o(.bss)
    .bss                                     0x2000108c   Section       44  localtime.o(.bss)
    _tms                                     0x2000108c   Data          44  localtime.o(.bss)
    .bss                                     0x200010b8   Section       26  asctime.o(.bss)
    result                                   0x200010b8   Data          26  asctime.o(.bss)
    STACK                                    0x200010d8   Section     1280  startup_stm32l082xx.o(STACK)

    Global Symbols

    Symbol Name                              Value     Ov Type        Size  Object(Section)

    BuildAttributes$$THM_ISAv3M$S$PE$A:L22$X:L11$S22$IEEE1$IW$USESV6$~STKCKD$USESV7$~SHL$OSPACE$ROPI$EBA8$MICROLIB$REQ8$PRES8$EABIv2 0x00000000   Number         0  anon$$obj.o ABSOLUTE
    __ARM_use_no_argv                        0x00000000   Number         0  main.o ABSOLUTE
    _printf_a                                0x00000000   Number         0  stubs.o ABSOLUTE
    _printf_c                                0x00000000   Number         0  stubs.o ABSOLUTE
    _printf_charcount                        0x00000000   Number         0  stubs.o ABSOLUTE
    _printf_d                                0x00000000   Number         0  stubs.o ABSOLUTE
    _printf_e                                0x00000000   Number         0  stubs.o ABSOLUTE
    _printf_f                                0x00000000   Number         0  stubs.o ABSOLUTE
    _printf_flags                            0x00000000   Number         0  stubs.o ABSOLUTE
    _printf_fp_dec                           0x00000000   Number         0  stubs.o ABSOLUTE
    _printf_fp_hex                           0x00000000   Number         0  stubs.o ABSOLUTE
    _printf_g                                0x00000000   Number         0  stubs.o ABSOLUTE
    _printf_i                                0x00000000   Number         0  stubs.o ABSOLUTE
    _printf_int_dec                          0x00000000   Number         0  stubs.o ABSOLUTE
    _printf_l                                0x00000000   Number         0  stubs.o ABSOLUTE
    _printf_lc                               0x00000000   Number         0  stubs.o ABSOLUTE
    _printf_ll                               0x00000000   Number         0  stubs.o ABSOLUTE
    _printf_lld                              0x00000000   Number         0  stubs.o ABSOLUTE
    _printf_lli                              0x00000000   Number         0  stubs.o ABSOLUTE
    _printf_llo                              0x00000000   Number         0  stubs.o ABSOLUTE
    _printf_llu                              0x00000000   Number         0  stubs.o ABSOLUTE
    _printf_llx                              0x00000000   Number         0  stubs.o ABSOLUTE
    _printf_longlong_dec                     0x00000000   Number         0  stubs.o ABSOLUTE
    _printf_longlong_hex                     0x00000000   Number         0  stubs.o ABSOLUTE
    _printf_longlong_oct                     0x00000000   Number         0  stubs.o ABSOLUTE
    _printf_ls                               0x00000000   Number         0  stubs.o ABSOLUTE
    _printf_mbtowc                           0x00000000   Number         0  stubs.o ABSOLUTE
    _printf_n                                0x00000000   Number         0  stubs.o ABSOLUTE
    _printf_o                                0x00000000   Number         0  stubs.o ABSOLUTE
    _printf_p                                0x00000000   Number         0  stubs.o ABSOLUTE
    _printf_percent                          0x00000000   Number         0  stubs.o ABSOLUTE
    _printf_pre_padding                      0x00000000   Number         0  stubs.o ABSOLUTE
    _printf_return_value                     0x00000000   Number         0  stubs.o ABSOLUTE
    _printf_s                                0x00000000   Number         0  stubs.o ABSOLUTE
    _printf_sizespec                         0x00000000   Number         0  stubs.o ABSOLUTE
    _printf_str                              0x00000000   Number         0  stubs.o ABSOLUTE
    _printf_truncate_signed                  0x00000000   Number         0  stubs.o ABSOLUTE
    _printf_truncate_unsigned                0x00000000   Number         0  stubs.o ABSOLUTE
    _printf_u                                0x00000000   Number         0  stubs.o ABSOLUTE
    _printf_wc                               0x00000000   Number         0  stubs.o ABSOLUTE
    _printf_wctomb                           0x00000000   Number         0  stubs.o ABSOLUTE
    _printf_widthprec                        0x00000000   Number         0  stubs.o ABSOLUTE
    _printf_x                                0x00000000   Number         0  stubs.o ABSOLUTE
    __cpp_initialize__aeabi_                  - Undefined Weak Reference
    __cxa_finalize                            - Undefined Weak Reference
    __decompress                              - Undefined Weak Reference
    _clock_init                               - Undefined Weak Reference
    _microlib_exit                            - Undefined Weak Reference
    __Vectors_Size                           0x000000c0   Number         0  startup_stm32l082xx.o ABSOLUTE
    __Vectors                                0x08000000   Data           4  startup_stm32l082xx.o(RESET)
    __Vectors_End                            0x080000c0   Data           0  startup_stm32l082xx.o(RESET)
    __main                                   0x080000c1   Thumb Code     0  entry.o(.ARM.Collect$$$$00000000)
    _main_stk                                0x080000c1   Thumb Code     0  entry2.o(.ARM.Collect$$$$00000001)
    _main_scatterload                        0x080000c5   Thumb Code     0  entry5.o(.ARM.Collect$$$$00000004)
    __main_after_scatterload                 0x080000c9   Thumb Code     0  entry5.o(.ARM.Collect$$$$00000004)
    _main_clock                              0x080000c9   Thumb Code     0  entry7b.o(.ARM.Collect$$$$00000008)
    _main_cpp_init                           0x080000c9   Thumb Code     0  entry8b.o(.ARM.Collect$$$$0000000A)
    _main_init                               0x080000c9   Thumb Code     0  entry9a.o(.ARM.Collect$$$$0000000B)
    __rt_final_cpp                           0x080000d1   Thumb Code     0  entry10a.o(.ARM.Collect$$$$0000000D)
    __rt_final_exit                          0x080000d1   Thumb Code     0  entry11a.o(.ARM.Collect$$$$0000000F)
    Reset_Handler                            0x080000d5   Thumb Code     8  startup_stm32l082xx.o(.text)
    NMI_Handler                              0x080000dd   Thumb Code     2  startup_stm32l082xx.o(.text)
    HardFault_Handler                        0x080000df   Thumb Code     2  startup_stm32l082xx.o(.text)
    SVC_Handler                              0x080000e1   Thumb Code     2  startup_stm32l082xx.o(.text)
    PendSV_Handler                           0x080000e3   Thumb Code     2  startup_stm32l082xx.o(.text)
    ADC1_COMP_IRQHandler                     0x080000e7   Thumb Code     0  startup_stm32l082xx.o(.text)
    AES_RNG_LPUART1_IRQHandler               0x080000e7   Thumb Code     0  startup_stm32l082xx.o(.text)
    DMA1_Channel4_5_6_7_IRQHandler           0x080000e7   Thumb Code     0  startup_stm32l082xx.o(.text)
    EXTI0_1_IRQHandler                       0x080000e7   Thumb Code     0  startup_stm32l082xx.o(.text)
    EXTI2_3_IRQHandler                       0x080000e7   Thumb Code     0  startup_stm32l082xx.o(.text)
    EXTI4_15_IRQHandler                      0x080000e7   Thumb Code     0  startup_stm32l082xx.o(.text)
    FLASH_IRQHandler                         0x080000e7   Thumb Code     0  startup_stm32l082xx.o(.text)
    I2C1_IRQHandler                          0x080000e7   Thumb Code     0  startup_stm32l082xx.o(.text)
    I2C2_IRQHandler                          0x080000e7   Thumb Code     0  startup_stm32l082xx.o(.text)
    I2C3_IRQHandler                          0x080000e7   Thumb Code     0  startup_stm32l082xx.o(.text)
    LPTIM1_IRQHandler                        0x080000e7   Thumb Code     0  startup_stm32l082xx.o(.text)
    PVD_IRQHandler                           0x080000e7   Thumb Code     0  startup_stm32l082xx.o(.text)
    RCC_CRS_IRQHandler                       0x080000e7   Thumb Code     0  startup_stm32l082xx.o(.text)
    RTC_IRQHandler                           0x080000e7   Thumb Code     0  startup_stm32l082xx.o(.text)
    SPI1_IRQHandler                          0x080000e7   Thumb Code     0  startup_stm32l082xx.o(.text)
    SPI2_IRQHandler                          0x080000e7   Thumb Code     0  startup_stm32l082xx.o(.text)
    TIM21_IRQHandler                         0x080000e7   Thumb Code     0  startup_stm32l082xx.o(.text)
    TIM22_IRQHandler                         0x080000e7   Thumb Code     0  startup_stm32l082xx.o(.text)
    TIM2_IRQHandler                          0x080000e7   Thumb Code     0  startup_stm32l082xx.o(.text)
    TIM3_IRQHandler                          0x080000e7   Thumb Code     0  startup_stm32l082xx.o(.text)
    TIM6_DAC_IRQHandler                      0x080000e7   Thumb Code     0  startup_stm32l082xx.o(.text)
    TIM7_IRQHandler                          0x080000e7   Thumb Code     0  startup_stm32l082xx.o(.text)
    TSC_IRQHandler                           0x080000e7   Thumb Code     0  startup_stm32l082xx.o(.text)
    USART1_IRQHandler                        0x080000e7   Thumb Code     0  startup_stm32l082xx.o(.text)
    USART2_IRQHandler                        0x080000e7   Thumb Code     0  startup_stm32l082xx.o(.text)
    USART4_5_IRQHandler                      0x080000e7   Thumb Code     0  startup_stm32l082xx.o(.text)
    WWDG_IRQHandler                          0x080000e7   Thumb Code     0  startup_stm32l082xx.o(.text)
    __aeabi_uidiv                            0x080000f1   Thumb Code     0  uidiv.o(.text)
    __aeabi_uidivmod                         0x080000f1   Thumb Code    44  uidiv.o(.text)
    localtime                                0x0800011d   Thumb Code   104  localtime.o(.text)
    asctime                                  0x08000195   Thumb Code   170  asctime.o(.text)
    __aeabi_memcpy                           0x08000255   Thumb Code    36  memcpya.o(.text)
    __aeabi_memcpy4                          0x08000255   Thumb Code     0  memcpya.o(.text)
    __aeabi_memcpy8                          0x08000255   Thumb Code     0  memcpya.o(.text)
    __aeabi_memset                           0x08000279   Thumb Code    14  memseta.o(.text)
    __aeabi_memset4                          0x08000279   Thumb Code     0  memseta.o(.text)
    __aeabi_memset8                          0x08000279   Thumb Code     0  memseta.o(.text)
    __aeabi_memclr                           0x08000287   Thumb Code     4  memseta.o(.text)
    __aeabi_memclr4                          0x08000287   Thumb Code     0  memseta.o(.text)
    __aeabi_memclr8                          0x08000287   Thumb Code     0  memseta.o(.text)
    _memset$wrapper                          0x0800028b   Thumb Code    18  memseta.o(.text)
    strlen                                   0x0800029d   Thumb Code    14  strlen.o(.text)
    memcmp                                   0x080002ab   Thumb Code    26  memcmp.o(.text)
    __aeabi_dadd                             0x080002c5   Thumb Code   328  dadd.o(.text)
    __aeabi_dsub                             0x0800040d   Thumb Code    12  dadd.o(.text)
    __aeabi_drsub                            0x08000419   Thumb Code    12  dadd.o(.text)
    __aeabi_ddiv                             0x08000429   Thumb Code   234  ddiv.o(.text)
    __ARM_scalbn                             0x08000519   Thumb Code    44  dscalb.o(.text)
    scalbn                                   0x08000519   Thumb Code     0  dscalb.o(.text)
    __aeabi_ui2d                             0x08000545   Thumb Code    24  dfltui.o(.text)
    __aeabi_ul2d                             0x08000561   Thumb Code    22  dfltul.o(.text)
    __aeabi_d2uiz                            0x0800057d   Thumb Code    50  dfixui.o(.text)
    __aeabi_idiv                             0x080005b9   Thumb Code     0  idiv.o(.text)
    __aeabi_idivmod                          0x080005b9   Thumb Code    40  idiv.o(.text)
    __aeabi_uldivmod                         0x080005e1   Thumb Code    96  uldiv.o(.text)
    __aeabi_llsl                             0x08000641   Thumb Code    32  llshl.o(.text)
    _ll_shift_l                              0x08000641   Thumb Code     0  llshl.o(.text)
    __aeabi_llsr                             0x08000661   Thumb Code    34  llushr.o(.text)
    _ll_ushift_r                             0x08000661   Thumb Code     0  llushr.o(.text)
    __aeabi_lasr                             0x08000683   Thumb Code    38  llsshr.o(.text)
    _ll_sshift_r                             0x08000683   Thumb Code     0  llsshr.o(.text)
    __I$use$fp                               0x080006a9   Thumb Code     0  iusefp.o(.text)
    _double_round                            0x080006a9   Thumb Code    26  depilogue.o(.text)
    _double_epilogue                         0x080006c3   Thumb Code   164  depilogue.o(.text)
    __scatterload                            0x08000769   Thumb Code    28  init.o(.text)
    __scatterload_rt2                        0x08000769   Thumb Code     0  init.o(.text)
    DMA1_Channel1_IRQHandler                 0x08000b81   Thumb Code    12  stm32l0xx_it.o(i.DMA1_Channel1_IRQHandler)
    DMA1_Channel2_3_IRQHandler               0x08000b91   Thumb Code    12  stm32l0xx_it.o(i.DMA1_Channel2_3_IRQHandler)
    DiceAuthorizeAppPayload                  0x08000bc1   Thumb Code   198  dice.o(i.DiceAuthorizeAppPayload)
    DiceCalculateCMAC                        0x08000c91   Thumb Code   248  dice.o(i.DiceCalculateCMAC)
    DiceChkInitialized                       0x08000d91   Thumb Code    26  dice.o(i.DiceChkInitialized)
    DiceDeriveData                           0x08000dad   Thumb Code   262  dice.o(i.DiceDeriveData)
    DiceDumpAppInfo                          0x08000ec1   Thumb Code   194  dice.o(i.DiceDumpAppInfo)
    DiceDumpProtectedData                    0x08001085   Thumb Code   266  dice.o(i.DiceDumpProtectedData)
    DiceInitialize                           0x080012ed   Thumb Code    32  dice.o(i.DiceInitialize)
    DiceLockOutPersistedData                 0x08001319   Thumb Code    58  dice.o(i.DiceLockOutPersistedData)
    DicePrintData                            0x08001361   Thumb Code   140  dice.o(i.DicePrintData)
    DiceVolatileData                         0x08001411   Thumb Code   106  dice.o(i.DiceVolatileData)
    Error_Handler                            0x08001531   Thumb Code     2  main.o(i.Error_Handler)
    FLASH_ErasePage                          0x08001535   Thumb Code    30  stm32l0xx_hal_flash.o(i.FLASH_ErasePage)
    FLASH_WaitForLastOperation               0x080015d5   Thumb Code   122  stm32l0xx_hal_flash.o(i.FLASH_WaitForLastOperation)
    GenerateDfuDescriptionString             0x08001655   Thumb Code    54  usbd_dfu_if.o(i.GenerateDfuDescriptionString)
    HAL_CRYP_AESCBC_Decrypt                  0x080016d5   Thumb Code   148  stm32l0xx_hal_cryp.o(i.HAL_CRYP_AESCBC_Decrypt)
    HAL_CRYP_AESCBC_Decrypt_DMA              0x08001769   Thumb Code   134  stm32l0xx_hal_cryp.o(i.HAL_CRYP_AESCBC_Decrypt_DMA)
    HAL_CRYP_AESCBC_Encrypt                  0x080017ef   Thumb Code   148  stm32l0xx_hal_cryp.o(i.HAL_CRYP_AESCBC_Encrypt)
    HAL_CRYP_AESCBC_Encrypt_DMA              0x08001883   Thumb Code   124  stm32l0xx_hal_cryp.o(i.HAL_CRYP_AESCBC_Encrypt_DMA)
    HAL_CRYP_DeInit                          0x080018ff   Thumb Code    52  stm32l0xx_hal_cryp.o(i.HAL_CRYP_DeInit)
    HAL_CRYP_ErrorCallback                   0x08001933   Thumb Code     2  stm32l0xx_hal_cryp.o(i.HAL_CRYP_ErrorCallback)
    HAL_CRYP_GetState                        0x08001935   Thumb Code     6  stm32l0xx_hal_cryp.o(i.HAL_CRYP_GetState)
    HAL_CRYP_InCpltCallback                  0x0800193b   Thumb Code     2  stm32l0xx_hal_cryp.o(i.HAL_CRYP_InCpltCallback)
    HAL_CRYP_Init                            0x0800193d   Thumb Code    68  stm32l0xx_hal_cryp.o(i.HAL_CRYP_Init)
    HAL_CRYP_MspDeInit                       0x08001981   Thumb Code    14  stm32l0xx_hal_msp.o(i.HAL_CRYP_MspDeInit)
    HAL_CRYP_MspInit                         0x08001995   Thumb Code   206  stm32l0xx_hal_msp.o(i.HAL_CRYP_MspInit)
    HAL_CRYP_OutCpltCallback                 0x08001a71   Thumb Code     2  stm32l0xx_hal_cryp.o(i.HAL_CRYP_OutCpltCallback)
    HAL_DMA_DeInit                           0x08001a75   Thumb Code   464  stm32l0xx_hal_dma.o(i.HAL_DMA_DeInit)
    HAL_DMA_IRQHandler                       0x08001c49   Thumb Code   634  stm32l0xx_hal_dma.o(i.HAL_DMA_IRQHandler)
    HAL_DMA_Init                             0x08001ec9   Thumb Code   254  stm32l0xx_hal_dma.o(i.HAL_DMA_Init)
    HAL_DMA_Start_IT                         0x08001fd1   Thumb Code    78  stm32l0xx_hal_dma.o(i.HAL_DMA_Start_IT)
    HAL_DeInit                               0x08002021   Thumb Code    34  stm32l0xx_hal.o(i.HAL_DeInit)
    HAL_Delay                                0x08002049   Thumb Code    22  stm32l0xx_hal.o(i.HAL_Delay)
    HAL_FIREWALL_Config                      0x08002061   Thumb Code    92  stm32l0xx_hal_firewall.o(i.HAL_FIREWALL_Config)
    HAL_FIREWALL_EnableFirewall              0x080020d5   Thumb Code    12  stm32l0xx_hal_firewall.o(i.HAL_FIREWALL_EnableFirewall)
    HAL_FLASHEx_Erase                        0x080020e5   Thumb Code   108  stm32l0xx_hal_flash_ex.o(i.HAL_FLASHEx_Erase)
    HAL_FLASH_Lock                           0x0800215d   Thumb Code    14  stm32l0xx_hal_flash.o(i.HAL_FLASH_Lock)
    HAL_FLASH_Program                        0x08002171   Thumb Code    50  stm32l0xx_hal_flash.o(i.HAL_FLASH_Program)
    HAL_FLASH_Unlock                         0x080021ad   Thumb Code    38  stm32l0xx_hal_flash.o(i.HAL_FLASH_Unlock)
    HAL_GPIO_Init                            0x080021e9   Thumb Code   356  stm32l0xx_hal_gpio.o(i.HAL_GPIO_Init)
    HAL_GPIO_ReadPin                         0x0800236d   Thumb Code    10  stm32l0xx_hal_gpio.o(i.HAL_GPIO_ReadPin)
    HAL_GPIO_TogglePin                       0x08002377   Thumb Code     8  stm32l0xx_hal_gpio.o(i.HAL_GPIO_TogglePin)
    HAL_GPIO_WritePin                        0x0800237f   Thumb Code    12  stm32l0xx_hal_gpio.o(i.HAL_GPIO_WritePin)
    HAL_GetTick                              0x0800238d   Thumb Code     6  stm32l0xx_hal.o(i.HAL_GetTick)
    HAL_HalfDuplex_Init                      0x08002399   Thumb Code   112  stm32l0xx_hal_uart.o(i.HAL_HalfDuplex_Init)
    HAL_IncTick                              0x08002409   Thumb Code    10  stm32l0xx_hal.o(i.HAL_IncTick)
    HAL_Init                                 0x08002419   Thumb Code    26  stm32l0xx_hal.o(i.HAL_Init)
    HAL_InitTick                             0x08002439   Thumb Code    34  stm32l0xx_hal.o(i.HAL_InitTick)
    HAL_MspDeInit                            0x08002461   Thumb Code     2  stm32l0xx_hal.o(i.HAL_MspDeInit)
    HAL_MspInit                              0x08002465   Thumb Code    44  stm32l0xx_hal_msp.o(i.HAL_MspInit)
    HAL_NVIC_EnableIRQ                       0x08002495   Thumb Code    14  stm32l0xx_hal_cortex.o(i.HAL_NVIC_EnableIRQ)
    HAL_NVIC_SetPriority                     0x080024a9   Thumb Code     8  stm32l0xx_hal_cortex.o(i.HAL_NVIC_SetPriority)
    HAL_PCDEx_PMAConfig                      0x080024b1   Thumb Code    58  stm32l0xx_hal_pcd_ex.o(i.HAL_PCDEx_PMAConfig)
    HAL_PCD_DataInStageCallback              0x080024eb   Thumb Code    24  usbd_conf.o(i.HAL_PCD_DataInStageCallback)
    HAL_PCD_DataOutStageCallback             0x08002503   Thumb Code    28  usbd_conf.o(i.HAL_PCD_DataOutStageCallback)
    HAL_PCD_EP_ClrStall                      0x08002521   Thumb Code   170  stm32l0xx_hal_pcd.o(i.HAL_PCD_EP_ClrStall)
    HAL_PCD_EP_Open                          0x080025d9   Thumb Code   680  stm32l0xx_hal_pcd.o(i.HAL_PCD_EP_Open)
    HAL_PCD_EP_Receive                       0x08002899   Thumb Code   298  stm32l0xx_hal_pcd.o(i.HAL_PCD_EP_Receive)
    HAL_PCD_EP_SetStall                      0x080029d1   Thumb Code   136  stm32l0xx_hal_pcd.o(i.HAL_PCD_EP_SetStall)
    HAL_PCD_EP_Transmit                      0x08002a65   Thumb Code   390  stm32l0xx_hal_pcd.o(i.HAL_PCD_EP_Transmit)
    HAL_PCD_IRQHandler                       0x08002bfd   Thumb Code   238  stm32l0xx_hal_pcd.o(i.HAL_PCD_IRQHandler)
    HAL_PCD_Init                             0x08002d09   Thumb Code   154  stm32l0xx_hal_pcd.o(i.HAL_PCD_Init)
    HAL_PCD_MspInit                          0x08002da5   Thumb Code    40  usbd_conf.o(i.HAL_PCD_MspInit)
    HAL_PCD_ResetCallback                    0x08002dd5   Thumb Code    24  usbd_conf.o(i.HAL_PCD_ResetCallback)
    HAL_PCD_ResumeCallback                   0x08002ded   Thumb Code    38  usbd_conf.o(i.HAL_PCD_ResumeCallback)
    HAL_PCD_SOFCallback                      0x08002e19   Thumb Code    16  usbd_conf.o(i.HAL_PCD_SOFCallback)
    HAL_PCD_SetAddress                       0x08002e29   Thumb Code    44  stm32l0xx_hal_pcd.o(i.HAL_PCD_SetAddress)
    HAL_PCD_SetupStageCallback               0x08002e55   Thumb Code    22  usbd_conf.o(i.HAL_PCD_SetupStageCallback)
    HAL_PCD_Start                            0x08002e6b   Thumb Code    18  stm32l0xx_hal_pcd.o(i.HAL_PCD_Start)
    HAL_PCD_Stop                             0x08002e7d   Thumb Code    48  stm32l0xx_hal_pcd.o(i.HAL_PCD_Stop)
    HAL_PCD_SuspendCallback                  0x08002ead   Thumb Code    34  usbd_conf.o(i.HAL_PCD_SuspendCallback)
    HAL_RCCEx_PeriphCLKConfig                0x08002ed5   Thumb Code   358  stm32l0xx_hal_rcc_ex.o(i.HAL_RCCEx_PeriphCLKConfig)
    HAL_RCC_ClockConfig                      0x08003049   Thumb Code   340  stm32l0xx_hal_rcc.o(i.HAL_RCC_ClockConfig)
    HAL_RCC_DeInit                           0x080031b1   Thumb Code    52  stm32l0xx_hal_rcc.o(i.HAL_RCC_DeInit)
    HAL_RCC_GetHCLKFreq                      0x080031f5   Thumb Code     6  stm32l0xx_hal_rcc.o(i.HAL_RCC_GetHCLKFreq)
    HAL_RCC_GetPCLK1Freq                     0x08003201   Thumb Code    20  stm32l0xx_hal_rcc.o(i.HAL_RCC_GetPCLK1Freq)
    HAL_RCC_GetPCLK2Freq                     0x08003221   Thumb Code    20  stm32l0xx_hal_rcc.o(i.HAL_RCC_GetPCLK2Freq)
    HAL_RCC_GetSysClockFreq                  0x08003241   Thumb Code   108  stm32l0xx_hal_rcc.o(i.HAL_RCC_GetSysClockFreq)
    HAL_RCC_OscConfig                        0x080032c5   Thumb Code  1086  stm32l0xx_hal_rcc.o(i.HAL_RCC_OscConfig)
    HAL_RNG_GenerateRandomNumber             0x08003703   Thumb Code   100  stm32l0xx_hal_rng.o(i.HAL_RNG_GenerateRandomNumber)
    HAL_RNG_Init                             0x08003767   Thumb Code    64  stm32l0xx_hal_rng.o(i.HAL_RNG_Init)
    HAL_RNG_MspInit                          0x080037a9   Thumb Code    22  stm32l0xx_hal_msp.o(i.HAL_RNG_MspInit)
    HAL_SYSTICK_CLKSourceConfig              0x080037c9   Thumb Code    20  stm32l0xx_hal_cortex.o(i.HAL_SYSTICK_CLKSourceConfig)
    HAL_SYSTICK_Callback                     0x080037e1   Thumb Code     2  stm32l0xx_hal_cortex.o(i.HAL_SYSTICK_Callback)
    HAL_SYSTICK_Config                       0x080037e5   Thumb Code    38  stm32l0xx_hal_cortex.o(i.HAL_SYSTICK_Config)
    HAL_SYSTICK_IRQHandler                   0x08003815   Thumb Code     8  stm32l0xx_hal_cortex.o(i.HAL_SYSTICK_IRQHandler)
    HAL_UART_MspInit                         0x0800381d   Thumb Code    56  stm32l0xx_hal_msp.o(i.HAL_UART_MspInit)
    HAL_UART_Transmit                        0x0800385d   Thumb Code   160  stm32l0xx_hal_uart.o(i.HAL_UART_Transmit)
    MX_USB_DEVICE_Init                       0x08003dc5   Thumb Code    40  usb_device.o(i.MX_USB_DEVICE_Init)
    PCD_ReadPMA                              0x0800417d   Thumb Code    30  stm32l0xx_hal_pcd.o(i.PCD_ReadPMA)
    PCD_WritePMA                             0x0800419b   Thumb Code    38  stm32l0xx_hal_pcd.o(i.PCD_WritePMA)
    SysTick_Handler                          0x080041c1   Thumb Code    12  stm32l0xx_it.o(i.SysTick_Handler)
    SystemClock_Config                       0x080041cd   Thumb Code   160  main.o(i.SystemClock_Config)
    SystemInit                               0x08004275   Thumb Code    66  system_stm32l0xx.o(i.SystemInit)
    UART_AdvFeatureConfig                    0x080042c9   Thumb Code   202  stm32l0xx_hal_uart.o(i.UART_AdvFeatureConfig)
    UART_CheckIdleState                      0x08004395   Thumb Code    82  stm32l0xx_hal_uart.o(i.UART_CheckIdleState)
    UART_SetConfig                           0x080043ed   Thumb Code   624  stm32l0xx_hal_uart.o(i.UART_SetConfig)
    UART_WaitOnFlagUntilTimeout              0x0800468d   Thumb Code   178  stm32l0xx_hal_uart.o(i.UART_WaitOnFlagUntilTimeout)
    USBD_ClrClassConfig                      0x0800473f   Thumb Code    16  usbd_core.o(i.USBD_ClrClassConfig)
    USBD_CtlContinueRx                       0x0800474f   Thumb Code    16  usbd_ioreq.o(i.USBD_CtlContinueRx)
    USBD_CtlContinueSendData                 0x0800475f   Thumb Code    16  usbd_ioreq.o(i.USBD_CtlContinueSendData)
    USBD_CtlError                            0x0800476f   Thumb Code    20  usbd_ctlreq.o(i.USBD_CtlError)
    USBD_CtlPrepareRx                        0x08004783   Thumb Code    32  usbd_ioreq.o(i.USBD_CtlPrepareRx)
    USBD_CtlReceiveStatus                    0x080047a3   Thumb Code    24  usbd_ioreq.o(i.USBD_CtlReceiveStatus)
    USBD_CtlSendData                         0x080047bb   Thumb Code    28  usbd_ioreq.o(i.USBD_CtlSendData)
    USBD_CtlSendStatus                       0x080047d7   Thumb Code    24  usbd_ioreq.o(i.USBD_CtlSendStatus)
    USBD_DFU_RegisterMedia                   0x08004991   Thumb Code    16  usbd_dfu.o(i.USBD_DFU_RegisterMedia)
    USBD_FS_ConfigStrDescriptor              0x08004a9d   Thumb Code    16  usbd_desc.o(i.USBD_FS_ConfigStrDescriptor)
    USBD_FS_DeviceDescriptor                 0x08004abd   Thumb Code     8  usbd_desc.o(i.USBD_FS_DeviceDescriptor)
    USBD_FS_InterfaceStrDescriptor           0x08004ac9   Thumb Code    16  usbd_desc.o(i.USBD_FS_InterfaceStrDescriptor)
    USBD_FS_LangIDStrDescriptor              0x08004aed   Thumb Code     8  usbd_desc.o(i.USBD_FS_LangIDStrDescriptor)
    USBD_FS_ManufacturerStrDescriptor        0x08004af9   Thumb Code    16  usbd_desc.o(i.USBD_FS_ManufacturerStrDescriptor)
    USBD_FS_ProductStrDescriptor             0x08004b21   Thumb Code    16  usbd_desc.o(i.USBD_FS_ProductStrDescriptor)
    USBD_FS_SerialStrDescriptor              0x08004b55   Thumb Code    16  usbd_desc.o(i.USBD_FS_SerialStrDescriptor)
    USBD_GetString                           0x08004c67   Thumb Code    68  usbd_ctlreq.o(i.USBD_GetString)
    USBD_Init                                0x08004cab   Thumb Code    50  usbd_core.o(i.USBD_Init)
    USBD_LL_ClearStallEP                     0x08004cdd   Thumb Code    18  usbd_conf.o(i.USBD_LL_ClearStallEP)
    USBD_LL_DataInStage                      0x08004cef   Thumb Code   182  usbd_core.o(i.USBD_LL_DataInStage)
    USBD_LL_DataOutStage                     0x08004da5   Thumb Code   116  usbd_core.o(i.USBD_LL_DataOutStage)
    USBD_LL_Init                             0x08004e19   Thumb Code    82  usbd_conf.o(i.USBD_LL_Init)
    USBD_LL_IsStallEP                        0x08004e79   Thumb Code    36  usbd_conf.o(i.USBD_LL_IsStallEP)
    USBD_LL_OpenEP                           0x08004e9d   Thumb Code    24  usbd_conf.o(i.USBD_LL_OpenEP)
    USBD_LL_PrepareReceive                   0x08004eb5   Thumb Code    18  usbd_conf.o(i.USBD_LL_PrepareReceive)
    USBD_LL_Reset                            0x08004ec7   Thumb Code    70  usbd_core.o(i.USBD_LL_Reset)
    USBD_LL_Resume                           0x08004f0d   Thumb Code    12  usbd_core.o(i.USBD_LL_Resume)
    USBD_LL_SOF                              0x08004f19   Thumb Code    30  usbd_core.o(i.USBD_LL_SOF)
    USBD_LL_SetSpeed                         0x08004f37   Thumb Code     6  usbd_core.o(i.USBD_LL_SetSpeed)
    USBD_LL_SetUSBAddress                    0x08004f3d   Thumb Code    18  usbd_conf.o(i.USBD_LL_SetUSBAddress)
    USBD_LL_SetupStage                       0x08004f4f   Thumb Code    94  usbd_core.o(i.USBD_LL_SetupStage)
    USBD_LL_StallEP                          0x08004fad   Thumb Code    18  usbd_conf.o(i.USBD_LL_StallEP)
    USBD_LL_Start                            0x08004fbf   Thumb Code    18  usbd_conf.o(i.USBD_LL_Start)
    USBD_LL_Stop                             0x08004fd1   Thumb Code    18  usbd_conf.o(i.USBD_LL_Stop)
    USBD_LL_Suspend                          0x08004fe3   Thumb Code    16  usbd_core.o(i.USBD_LL_Suspend)
    USBD_LL_Transmit                         0x08004ff3   Thumb Code    18  usbd_conf.o(i.USBD_LL_Transmit)
    USBD_ParseSetupRequest                   0x08005005   Thumb Code    40  usbd_ctlreq.o(i.USBD_ParseSetupRequest)
    USBD_RegisterClass                       0x0800502d   Thumb Code    22  usbd_core.o(i.USBD_RegisterClass)
    USBD_SetClassConfig                      0x08005043   Thumb Code    28  usbd_core.o(i.USBD_SetClassConfig)
    USBD_Start                               0x080050d1   Thumb Code    10  usbd_core.o(i.USBD_Start)
    USBD_StdDevReq                           0x080050db   Thumb Code   238  usbd_ctlreq.o(i.USBD_StdDevReq)
    USBD_StdEPReq                            0x080051c9   Thumb Code   234  usbd_ctlreq.o(i.USBD_StdEPReq)
    USBD_StdItfReq                           0x080052b3   Thumb Code    58  usbd_ctlreq.o(i.USBD_StdItfReq)
    USBD_Stop                                0x080052ed   Thumb Code    30  usbd_core.o(i.USBD_Stop)
    USBD_static_free                         0x0800530b   Thumb Code     2  usbd_conf.o(i.USBD_static_free)
    USBD_static_malloc                       0x0800530d   Thumb Code     4  usbd_conf.o(i.USBD_static_malloc)
    USB_IRQHandler                           0x08005315   Thumb Code    10  stm32l0xx_it.o(i.USB_IRQHandler)
    __0fprintf$8                             0x08005325   Thumb Code    24  printf8.o(i.__0fprintf$8)
    __1fprintf$8                             0x08005325   Thumb Code     0  printf8.o(i.__0fprintf$8)
    __2fprintf                               0x08005325   Thumb Code     0  printf8.o(i.__0fprintf$8)
    __0printf$8                              0x08005341   Thumb Code    24  printf8.o(i.__0printf$8)
    __1printf$8                              0x08005341   Thumb Code     0  printf8.o(i.__0printf$8)
    __2printf                                0x08005341   Thumb Code     0  printf8.o(i.__0printf$8)
    __0sprintf$8                             0x08005361   Thumb Code    36  printf8.o(i.__0sprintf$8)
    __1sprintf$8                             0x08005361   Thumb Code     0  printf8.o(i.__0sprintf$8)
    __2sprintf                               0x08005361   Thumb Code     0  printf8.o(i.__0sprintf$8)
    __ARM_clz                                0x08005389   Thumb Code    46  depilogue.o(i.__ARM_clz)
    __ARM_common_switch8                     0x080053b7   Thumb Code    26  usbd_ctlreq.o(i.__ARM_common_switch8)
    __scatterload_copy                       0x080053d1   Thumb Code    14  handlers.o(i.__scatterload_copy)
    __scatterload_null                       0x080053df   Thumb Code     2  handlers.o(i.__scatterload_null)
    __scatterload_zeroinit                   0x080053e1   Thumb Code    14  handlers.o(i.__scatterload_zeroinit)
    fputc                                    0x08005871   Thumb Code    38  main.o(i.fputc)
    main                                     0x0800589d   Thumb Code   336  main.o(i.main)
    AHBPrescTable                            0x08005b2c   Data          16  system_stm32l0xx.o(.constdata)
    PLLMulTable                              0x08005b3c   Data           9  system_stm32l0xx.o(.constdata)
    APBPrescTable                            0x08005b45   Data           8  system_stm32l0xx.o(.constdata)
    Region$$Table$$Base                      0x08005db4   Number         0  anon$$obj.o(Region$$Table)
    Region$$Table$$Limit                     0x08005dd4   Number         0  anon$$obj.o(Region$$Table)
    SystemCoreClock                          0x20000100   Data           4  system_stm32l0xx.o(.data)
    USBD_DFU                                 0x20000108   Data          60  usbd_dfu.o(.data)
    uwTick                                   0x2000016c   Data           4  stm32l0xx_hal.o(.data)
    __stdout                                 0x20000170   Data           4  main.o(.data)
    __stderr                                 0x20000174   Data           4  main.o(.data)
    USBD_DFU_fops_FS                         0x20000178   Data          28  usbd_dfu_if.o(.data)
    FS_Desc                                  0x20000194   Data          28  usbd_desc.o(.data)
    USBD_LangIDDesc                          0x200001b0   Data           4  usbd_desc.o(.data)
    USBD_FS_DeviceDesc                       0x200001b4   Data          18  usbd_desc.o(.data)
    diceVolatileData                         0x200001c8   Data           4  dice.o(.data)
    diceProtectedData                        0x200001cc   Data           4  dice.o(.data)
    diceAppPayloadInfo                       0x200001d0   Data           4  dice.o(.data)
    ProcFlash                                0x200002d4   Data          24  stm32l0xx_hal_flash.o(.bss)
    hcryp                                    0x200002ec   Data          44  main.o(.bss)
    fw_init                                  0x20000318   Data          32  main.o(.bss)
    hrng                                     0x20000338   Data          12  main.o(.bss)
    huart2                                   0x20000344   Data         112  main.o(.bss)
    hpcd_USB_FS                              0x200007d0   Data         544  usbd_conf.o(.bss)
    flashDescrStr                            0x20000a68   Data         512  usbd_dfu_if.o(.bss)
    hUsbDeviceFS                             0x20000c68   Data         548  usb_device.o(.bss)
    USBD_StrDesc                             0x20000e8c   Data         512  usbd_desc.o(.bss)
    __initial_sp                             0x200015d8   Data           0  startup_stm32l082xx.o(STACK)



==============================================================================

Memory Map of the image

  Image Entry point : 0x080000c1

  Load Region LR_IROM1 (Base: 0x08000000, Size: 0x00005ea8, Max: 0x00008000, ABSOLUTE)

    Execution Region ER_IROM1 (Base: 0x08000000, Size: 0x00005dd4, Max: 0x00008000, ABSOLUTE)

    Base Addr    Size         Type   Attr      Idx    E Section Name        Object

    0x08000000   0x000000c0   Data   RO          144    RESET               startup_stm32l082xx.o
    0x080000c0   0x00000000   Code   RO         3539  * .ARM.Collect$$$$00000000  mc_p.l(entry.o)
    0x080000c0   0x00000004   Code   RO         3835    .ARM.Collect$$$$00000001  mc_p.l(entry2.o)
    0x080000c4   0x00000004   Code   RO         3838    .ARM.Collect$$$$00000004  mc_p.l(entry5.o)
    0x080000c8   0x00000000   Code   RO         3840    .ARM.Collect$$$$00000008  mc_p.l(entry7b.o)
    0x080000c8   0x00000000   Code   RO         3842    .ARM.Collect$$$$0000000A  mc_p.l(entry8b.o)
    0x080000c8   0x00000008   Code   RO         3843    .ARM.Collect$$$$0000000B  mc_p.l(entry9a.o)
    0x080000d0   0x00000000   Code   RO         3845    .ARM.Collect$$$$0000000D  mc_p.l(entry10a.o)
    0x080000d0   0x00000000   Code   RO         3847    .ARM.Collect$$$$0000000F  mc_p.l(entry11a.o)
    0x080000d0   0x00000004   Code   RO         3836    .ARM.Collect$$$$00002712  mc_p.l(entry2.o)
    0x080000d4   0x0000001c   Code   RO          145    .text               startup_stm32l082xx.o
    0x080000f0   0x0000002c   Code   RO         3542    .text               mc_p.l(uidiv.o)
    0x0800011c   0x00000078   Code   RO         3544    .text               mc_p.l(localtime.o)
    0x08000194   0x000000c0   Code   RO         3548    .text               mc_p.l(asctime.o)
    0x08000254   0x00000024   Code   RO         3552    .text               mc_p.l(memcpya.o)
    0x08000278   0x00000024   Code   RO         3554    .text               mc_p.l(memseta.o)
    0x0800029c   0x0000000e   Code   RO         3556    .text               mc_p.l(strlen.o)
    0x080002aa   0x0000001a   Code   RO         3558    .text               mc_p.l(memcmp.o)
    0x080002c4   0x00000164   Code   RO         3823    .text               mf_p.l(dadd.o)
    0x08000428   0x000000f0   Code   RO         3825    .text               mf_p.l(ddiv.o)
    0x08000518   0x0000002c   Code   RO         3827    .text               mf_p.l(dscalb.o)
    0x08000544   0x0000001c   Code   RO         3829    .text               mf_p.l(dfltui.o)
    0x08000560   0x0000001c   Code   RO         3831    .text               mf_p.l(dfltul.o)
    0x0800057c   0x0000003c   Code   RO         3833    .text               mf_p.l(dfixui.o)
    0x080005b8   0x00000028   Code   RO         3849    .text               mc_p.l(idiv.o)
    0x080005e0   0x00000060   Code   RO         3851    .text               mc_p.l(uldiv.o)
    0x08000640   0x00000020   Code   RO         3853    .text               mc_p.l(llshl.o)
    0x08000660   0x00000022   Code   RO         3855    .text               mc_p.l(llushr.o)
    0x08000682   0x00000026   Code   RO         3857    .text               mc_p.l(llsshr.o)
    0x080006a8   0x00000000   Code   RO         3859    .text               mc_p.l(iusefp.o)
    0x080006a8   0x000000be   Code   RO         3860    .text               mf_p.l(depilogue.o)
    0x08000766   0x00000002   PAD
    0x08000768   0x00000024   Code   RO         3870    .text               mc_p.l(init.o)
    0x0800078c   0x00000010   Code   RO         2624    i.CRYP_DMAError     stm32l0xx_hal_cryp.o
    0x0800079c   0x00000016   Code   RO         2625    i.CRYP_DMAInCplt    stm32l0xx_hal_cryp.o
    0x080007b2   0x00000030   Code   RO         2626    i.CRYP_DMAOutCplt   stm32l0xx_hal_cryp.o
    0x080007e2   0x00000094   Code   RO         2628    i.CRYP_ProcessData  stm32l0xx_hal_cryp.o
    0x08000876   0x00000002   PAD
    0x08000878   0x0000005c   Code   RO         2629    i.CRYP_SetDMAConfig  stm32l0xx_hal_cryp.o
    0x080008d4   0x00000022   Code   RO         2630    i.CRYP_SetInitVector  stm32l0xx_hal_cryp.o
    0x080008f6   0x00000022   Code   RO         2631    i.CRYP_SetKey       stm32l0xx_hal_cryp.o
    0x08000918   0x00000060   Code   RO          376    i.DFU_Detach        usbd_dfu.o
    0x08000978   0x0000005c   Code   RO          377    i.DFU_Download      usbd_dfu.o
    0x080009d4   0x0000009c   Code   RO          378    i.DFU_GetStatus     usbd_dfu.o
    0x08000a70   0x00000060   Code   RO          379    i.DFU_Leave         usbd_dfu.o
    0x08000ad0   0x000000b0   Code   RO          380    i.DFU_Upload        usbd_dfu.o
    0x08000b80   0x00000010   Code   RO         3313    i.DMA1_Channel1_IRQHandler  stm32l0xx_it.o
    0x08000b90   0x00000010   Code   RO         3314    i.DMA1_Channel2_3_IRQHandler  stm32l0xx_it.o
    0x08000ba0   0x0000001e   Code   RO         2068    i.DMA_SetConfig     stm32l0xx_hal_dma.o
    0x08000bbe   0x00000002   PAD
    0x08000bc0   0x000000d0   Code   RO         3449    i.DiceAuthorizeAppPayload  dice.o
    0x08000c90   0x00000100   Code   RO         3450    i.DiceCalculateCMAC  dice.o
    0x08000d90   0x0000001a   Code   RO         3451    i.DiceChkInitialized  dice.o
    0x08000daa   0x00000002   PAD
    0x08000dac   0x00000114   Code   RO         3452    i.DiceDeriveData    dice.o
    0x08000ec0   0x000001c4   Code   RO         3453    i.DiceDumpAppInfo   dice.o
    0x08001084   0x00000268   Code   RO         3454    i.DiceDumpProtectedData  dice.o
    0x080012ec   0x0000002c   Code   RO         3455    i.DiceInitialize    dice.o
    0x08001318   0x00000048   Code   RO         3456    i.DiceLockOutPersistedData  dice.o
    0x08001360   0x000000b0   Code   RO         3457    i.DicePrintData     dice.o
    0x08001410   0x00000120   Code   RO         3458    i.DiceVolatileData  dice.o
    0x08001530   0x00000002   Code   RO         2904    i.Error_Handler     main.o
    0x08001532   0x00000002   PAD
    0x08001534   0x00000028   Code   RO         1018    i.FLASH_ErasePage   stm32l0xx_hal_flash.o
    0x0800155c   0x00000078   Code   RO         1019    i.FLASH_SetErrorCode  stm32l0xx_hal_flash.o
    0x080015d4   0x00000080   Code   RO         1020    i.FLASH_WaitForLastOperation  stm32l0xx_hal_flash.o
    0x08001654   0x00000080   Code   RO         3246    i.GenerateDfuDescriptionString  usbd_dfu_if.o
    0x080016d4   0x00000094   Code   RO         2632    i.HAL_CRYP_AESCBC_Decrypt  stm32l0xx_hal_cryp.o
    0x08001768   0x00000086   Code   RO         2633    i.HAL_CRYP_AESCBC_Decrypt_DMA  stm32l0xx_hal_cryp.o
    0x080017ee   0x00000094   Code   RO         2635    i.HAL_CRYP_AESCBC_Encrypt  stm32l0xx_hal_cryp.o
    0x08001882   0x0000007c   Code   RO         2636    i.HAL_CRYP_AESCBC_Encrypt_DMA  stm32l0xx_hal_cryp.o
    0x080018fe   0x00000034   Code   RO         2650    i.HAL_CRYP_DeInit   stm32l0xx_hal_cryp.o
    0x08001932   0x00000002   Code   RO         2651    i.HAL_CRYP_ErrorCallback  stm32l0xx_hal_cryp.o
    0x08001934   0x00000006   Code   RO         2652    i.HAL_CRYP_GetState  stm32l0xx_hal_cryp.o
    0x0800193a   0x00000002   Code   RO         2654    i.HAL_CRYP_InCpltCallback  stm32l0xx_hal_cryp.o
    0x0800193c   0x00000044   Code   RO         2655    i.HAL_CRYP_Init     stm32l0xx_hal_cryp.o
    0x08001980   0x00000014   Code   RO         3189    i.HAL_CRYP_MspDeInit  stm32l0xx_hal_msp.o
    0x08001994   0x000000dc   Code   RO         3190    i.HAL_CRYP_MspInit  stm32l0xx_hal_msp.o
    0x08001a70   0x00000002   Code   RO         2658    i.HAL_CRYP_OutCpltCallback  stm32l0xx_hal_cryp.o
    0x08001a72   0x00000002   PAD
    0x08001a74   0x000001d4   Code   RO         2070    i.HAL_DMA_DeInit    stm32l0xx_hal_dma.o
    0x08001c48   0x00000280   Code   RO         2073    i.HAL_DMA_IRQHandler  stm32l0xx_hal_dma.o
    0x08001ec8   0x00000108   Code   RO         2074    i.HAL_DMA_Init      stm32l0xx_hal_dma.o
    0x08001fd0   0x0000004e   Code   RO         2077    i.HAL_DMA_Start_IT  stm32l0xx_hal_dma.o
    0x0800201e   0x00000002   PAD
    0x08002020   0x00000028   Code   RO         2431    i.HAL_DeInit        stm32l0xx_hal.o
    0x08002048   0x00000016   Code   RO         2432    i.HAL_Delay         stm32l0xx_hal.o
    0x0800205e   0x00000002   PAD
    0x08002060   0x00000074   Code   RO         2860    i.HAL_FIREWALL_Config  stm32l0xx_hal_firewall.o
    0x080020d4   0x00000010   Code   RO         2862    i.HAL_FIREWALL_EnableFirewall  stm32l0xx_hal_firewall.o
    0x080020e4   0x00000078   Code   RO          920    i.HAL_FLASHEx_Erase  stm32l0xx_hal_flash_ex.o
    0x0800215c   0x00000014   Code   RO         1024    i.HAL_FLASH_Lock    stm32l0xx_hal_flash.o
    0x08002170   0x0000003c   Code   RO         1029    i.HAL_FLASH_Program  stm32l0xx_hal_flash.o
    0x080021ac   0x0000003c   Code   RO         1031    i.HAL_FLASH_Unlock  stm32l0xx_hal_flash.o
    0x080021e8   0x00000184   Code   RO         1240    i.HAL_GPIO_Init     stm32l0xx_hal_gpio.o
    0x0800236c   0x0000000a   Code   RO         1242    i.HAL_GPIO_ReadPin  stm32l0xx_hal_gpio.o
    0x08002376   0x00000008   Code   RO         1243    i.HAL_GPIO_TogglePin  stm32l0xx_hal_gpio.o
    0x0800237e   0x0000000c   Code   RO         1244    i.HAL_GPIO_WritePin  stm32l0xx_hal_gpio.o
    0x0800238a   0x00000002   PAD
    0x0800238c   0x0000000c   Code   RO         2436    i.HAL_GetTick       stm32l0xx_hal.o
    0x08002398   0x00000070   Code   RO          559    i.HAL_HalfDuplex_Init  stm32l0xx_hal_uart.o
    0x08002408   0x00000010   Code   RO         2437    i.HAL_IncTick       stm32l0xx_hal.o
    0x08002418   0x00000020   Code   RO         2438    i.HAL_Init          stm32l0xx_hal.o
    0x08002438   0x00000028   Code   RO         2439    i.HAL_InitTick      stm32l0xx_hal.o
    0x08002460   0x00000002   Code   RO         2440    i.HAL_MspDeInit     stm32l0xx_hal.o
    0x08002462   0x00000002   PAD
    0x08002464   0x00000030   Code   RO         3191    i.HAL_MspInit       stm32l0xx_hal_msp.o
    0x08002494   0x00000014   Code   RO          813    i.HAL_NVIC_EnableIRQ  stm32l0xx_hal_cortex.o
    0x080024a8   0x00000008   Code   RO          817    i.HAL_NVIC_SetPriority  stm32l0xx_hal_cortex.o
    0x080024b0   0x0000003a   Code   RO         2590    i.HAL_PCDEx_PMAConfig  stm32l0xx_hal_pcd_ex.o
    0x080024ea   0x00000018   Code   RO         2984    i.HAL_PCD_DataInStageCallback  usbd_conf.o
    0x08002502   0x0000001c   Code   RO         2985    i.HAL_PCD_DataOutStageCallback  usbd_conf.o
    0x0800251e   0x00000002   PAD
    0x08002520   0x000000b8   Code   RO         1734    i.HAL_PCD_EP_ClrStall  stm32l0xx_hal_pcd.o
    0x080025d8   0x000002c0   Code   RO         1737    i.HAL_PCD_EP_Open   stm32l0xx_hal_pcd.o
    0x08002898   0x00000138   Code   RO         1738    i.HAL_PCD_EP_Receive  stm32l0xx_hal_pcd.o
    0x080029d0   0x00000094   Code   RO         1739    i.HAL_PCD_EP_SetStall  stm32l0xx_hal_pcd.o
    0x08002a64   0x00000198   Code   RO         1740    i.HAL_PCD_EP_Transmit  stm32l0xx_hal_pcd.o
    0x08002bfc   0x0000010c   Code   RO         1742    i.HAL_PCD_IRQHandler  stm32l0xx_hal_pcd.o
    0x08002d08   0x0000009a   Code   RO         1745    i.HAL_PCD_Init      stm32l0xx_hal_pcd.o
    0x08002da2   0x00000002   PAD
    0x08002da4   0x00000030   Code   RO         2990    i.HAL_PCD_MspInit   usbd_conf.o
    0x08002dd4   0x00000018   Code   RO         2991    i.HAL_PCD_ResetCallback  usbd_conf.o
    0x08002dec   0x0000002c   Code   RO         2992    i.HAL_PCD_ResumeCallback  usbd_conf.o
    0x08002e18   0x00000010   Code   RO         2993    i.HAL_PCD_SOFCallback  usbd_conf.o
    0x08002e28   0x0000002c   Code   RO         1751    i.HAL_PCD_SetAddress  stm32l0xx_hal_pcd.o
    0x08002e54   0x00000016   Code   RO         2994    i.HAL_PCD_SetupStageCallback  usbd_conf.o
    0x08002e6a   0x00000012   Code   RO         1753    i.HAL_PCD_Start     stm32l0xx_hal_pcd.o
    0x08002e7c   0x00000030   Code   RO         1754    i.HAL_PCD_Stop      stm32l0xx_hal_pcd.o
    0x08002eac   0x00000028   Code   RO         2995    i.HAL_PCD_SuspendCallback  usbd_conf.o
    0x08002ed4   0x00000174   Code   RO         2154    i.HAL_RCCEx_PeriphCLKConfig  stm32l0xx_hal_rcc_ex.o
    0x08003048   0x00000168   Code   RO         2240    i.HAL_RCC_ClockConfig  stm32l0xx_hal_rcc.o
    0x080031b0   0x00000044   Code   RO         2241    i.HAL_RCC_DeInit    stm32l0xx_hal_rcc.o
    0x080031f4   0x0000000c   Code   RO         2244    i.HAL_RCC_GetHCLKFreq  stm32l0xx_hal_rcc.o
    0x08003200   0x00000020   Code   RO         2246    i.HAL_RCC_GetPCLK1Freq  stm32l0xx_hal_rcc.o
    0x08003220   0x00000020   Code   RO         2247    i.HAL_RCC_GetPCLK2Freq  stm32l0xx_hal_rcc.o
    0x08003240   0x00000084   Code   RO         2248    i.HAL_RCC_GetSysClockFreq  stm32l0xx_hal_rcc.o
    0x080032c4   0x0000043e   Code   RO         2251    i.HAL_RCC_OscConfig  stm32l0xx_hal_rcc.o
    0x08003702   0x00000064   Code   RO         2333    i.HAL_RNG_GenerateRandomNumber  stm32l0xx_hal_rng.o
    0x08003766   0x00000040   Code   RO         2339    i.HAL_RNG_Init      stm32l0xx_hal_rng.o
    0x080037a6   0x00000002   PAD
    0x080037a8   0x00000020   Code   RO         3193    i.HAL_RNG_MspInit   stm32l0xx_hal_msp.o
    0x080037c8   0x00000018   Code   RO          819    i.HAL_SYSTICK_CLKSourceConfig  stm32l0xx_hal_cortex.o
    0x080037e0   0x00000002   Code   RO          820    i.HAL_SYSTICK_Callback  stm32l0xx_hal_cortex.o
    0x080037e2   0x00000002   PAD
    0x080037e4   0x00000030   Code   RO          821    i.HAL_SYSTICK_Config  stm32l0xx_hal_cortex.o
    0x08003814   0x00000008   Code   RO          822    i.HAL_SYSTICK_IRQHandler  stm32l0xx_hal_cortex.o
    0x0800381c   0x00000040   Code   RO         3195    i.HAL_UART_MspInit  stm32l0xx_hal_msp.o
    0x0800385c   0x000000a0   Code   RO          582    i.HAL_UART_Transmit  stm32l0xx_hal_uart.o
    0x080038fc   0x00000054   Code   RO         3247    i.MEM_If_DeInit_FS  usbd_dfu_if.o
    0x08003950   0x0000009c   Code   RO         3248    i.MEM_If_Erase_FS   usbd_dfu_if.o
    0x080039ec   0x00000050   Code   RO         3249    i.MEM_If_GetStatus_FS  usbd_dfu_if.o
    0x08003a3c   0x00000050   Code   RO         3250    i.MEM_If_Init_FS    usbd_dfu_if.o
    0x08003a8c   0x00000084   Code   RO         3251    i.MEM_If_Read_FS    usbd_dfu_if.o
    0x08003b10   0x0000021c   Code   RO         3252    i.MEM_If_Write_FS   usbd_dfu_if.o
    0x08003d2c   0x00000060   Code   RO         2905    i.MX_GPIO_Init      main.o
    0x08003d8c   0x00000038   Code   RO         2906    i.MX_USART2_UART_Init  main.o
    0x08003dc4   0x00000038   Code   RO         3355    i.MX_USB_DEVICE_Init  usb_device.o
    0x08003dfc   0x00000044   Code   RO          823    i.NVIC_SetPriority  stm32l0xx_hal_cortex.o
    0x08003e40   0x0000033c   Code   RO         1756    i.PCD_EP_ISR_Handler  stm32l0xx_hal_pcd.o
    0x0800417c   0x0000001e   Code   RO         1757    i.PCD_ReadPMA       stm32l0xx_hal_pcd.o
    0x0800419a   0x00000026   Code   RO         1758    i.PCD_WritePMA      stm32l0xx_hal_pcd.o
    0x080041c0   0x0000000c   Code   RO         3315    i.SysTick_Handler   stm32l0xx_it.o
    0x080041cc   0x000000a8   Code   RO         2907    i.SystemClock_Config  main.o
    0x08004274   0x00000054   Code   RO            4    i.SystemInit        system_stm32l0xx.o
    0x080042c8   0x000000ca   Code   RO          587    i.UART_AdvFeatureConfig  stm32l0xx_hal_uart.o
    0x08004392   0x00000002   PAD
    0x08004394   0x00000058   Code   RO          588    i.UART_CheckIdleState  stm32l0xx_hal_uart.o
    0x080043ec   0x000002a0   Code   RO          595    i.UART_SetConfig    stm32l0xx_hal_uart.o
    0x0800468c   0x000000b2   Code   RO          597    i.UART_WaitOnFlagUntilTimeout  stm32l0xx_hal_uart.o
    0x0800473e   0x00000010   Code   RO          239    i.USBD_ClrClassConfig  usbd_core.o
    0x0800474e   0x00000010   Code   RO          501    i.USBD_CtlContinueRx  usbd_ioreq.o
    0x0800475e   0x00000010   Code   RO          502    i.USBD_CtlContinueSendData  usbd_ioreq.o
    0x0800476e   0x00000014   Code   RO          151    i.USBD_CtlError     usbd_ctlreq.o
    0x08004782   0x00000020   Code   RO          503    i.USBD_CtlPrepareRx  usbd_ioreq.o
    0x080047a2   0x00000018   Code   RO          504    i.USBD_CtlReceiveStatus  usbd_ioreq.o
    0x080047ba   0x0000001c   Code   RO          505    i.USBD_CtlSendData  usbd_ioreq.o
    0x080047d6   0x00000018   Code   RO          506    i.USBD_CtlSendStatus  usbd_ioreq.o
    0x080047ee   0x00000004   Code   RO          381    i.USBD_DFU_DataIn   usbd_dfu.o
    0x080047f2   0x00000004   Code   RO          382    i.USBD_DFU_DataOut  usbd_dfu.o
    0x080047f6   0x00000036   Code   RO          383    i.USBD_DFU_DeInit   usbd_dfu.o
    0x0800482c   0x00000004   Code   RO          384    i.USBD_DFU_EP0_RxReady  usbd_dfu.o
    0x08004830   0x000000d0   Code   RO          385    i.USBD_DFU_EP0_TxReady  usbd_dfu.o
    0x08004900   0x0000000c   Code   RO          386    i.USBD_DFU_GetCfgDesc  usbd_dfu.o
    0x0800490c   0x0000000c   Code   RO          387    i.USBD_DFU_GetDeviceQualifierDesc  usbd_dfu.o
    0x08004918   0x00000024   Code   RO          388    i.USBD_DFU_GetUsrStringDesc  usbd_dfu.o
    0x0800493c   0x0000004c   Code   RO          389    i.USBD_DFU_Init     usbd_dfu.o
    0x08004988   0x00000004   Code   RO          390    i.USBD_DFU_IsoINIncomplete  usbd_dfu.o
    0x0800498c   0x00000004   Code   RO          391    i.USBD_DFU_IsoOutIncomplete  usbd_dfu.o
    0x08004990   0x00000010   Code   RO          392    i.USBD_DFU_RegisterMedia  usbd_dfu.o
    0x080049a0   0x00000004   Code   RO          393    i.USBD_DFU_SOF      usbd_dfu.o
    0x080049a4   0x000000f8   Code   RO          394    i.USBD_DFU_Setup    usbd_dfu.o
    0x08004a9c   0x00000020   Code   RO         3385    i.USBD_FS_ConfigStrDescriptor  usbd_desc.o
    0x08004abc   0x0000000c   Code   RO         3386    i.USBD_FS_DeviceDescriptor  usbd_desc.o
    0x08004ac8   0x00000024   Code   RO         3387    i.USBD_FS_InterfaceStrDescriptor  usbd_desc.o
    0x08004aec   0x0000000c   Code   RO         3388    i.USBD_FS_LangIDStrDescriptor  usbd_desc.o
    0x08004af8   0x00000028   Code   RO         3389    i.USBD_FS_ManufacturerStrDescriptor  usbd_desc.o
    0x08004b20   0x00000034   Code   RO         3390    i.USBD_FS_ProductStrDescriptor  usbd_desc.o
    0x08004b54   0x00000024   Code   RO         3391    i.USBD_FS_SerialStrDescriptor  usbd_desc.o
    0x08004b78   0x000000ee   Code   RO          152    i.USBD_GetDescriptor  usbd_ctlreq.o
    0x08004c66   0x00000044   Code   RO          153    i.USBD_GetString    usbd_ctlreq.o
    0x08004caa   0x00000032   Code   RO          241    i.USBD_Init         usbd_core.o
    0x08004cdc   0x00000012   Code   RO         2996    i.USBD_LL_ClearStallEP  usbd_conf.o
    0x08004cee   0x000000b6   Code   RO          242    i.USBD_LL_DataInStage  usbd_core.o
    0x08004da4   0x00000074   Code   RO          243    i.USBD_LL_DataOutStage  usbd_core.o
    0x08004e18   0x00000060   Code   RO         3002    i.USBD_LL_Init      usbd_conf.o
    0x08004e78   0x00000024   Code   RO         3003    i.USBD_LL_IsStallEP  usbd_conf.o
    0x08004e9c   0x00000018   Code   RO         3004    i.USBD_LL_OpenEP    usbd_conf.o
    0x08004eb4   0x00000012   Code   RO         3005    i.USBD_LL_PrepareReceive  usbd_conf.o
    0x08004ec6   0x00000046   Code   RO          248    i.USBD_LL_Reset     usbd_core.o
    0x08004f0c   0x0000000c   Code   RO          249    i.USBD_LL_Resume    usbd_core.o
    0x08004f18   0x0000001e   Code   RO          250    i.USBD_LL_SOF       usbd_core.o
    0x08004f36   0x00000006   Code   RO          251    i.USBD_LL_SetSpeed  usbd_core.o
    0x08004f3c   0x00000012   Code   RO         3006    i.USBD_LL_SetUSBAddress  usbd_conf.o
    0x08004f4e   0x0000005e   Code   RO          252    i.USBD_LL_SetupStage  usbd_core.o
    0x08004fac   0x00000012   Code   RO         3007    i.USBD_LL_StallEP   usbd_conf.o
    0x08004fbe   0x00000012   Code   RO         3008    i.USBD_LL_Start     usbd_conf.o
    0x08004fd0   0x00000012   Code   RO         3009    i.USBD_LL_Stop      usbd_conf.o
    0x08004fe2   0x00000010   Code   RO          253    i.USBD_LL_Suspend   usbd_core.o
    0x08004ff2   0x00000012   Code   RO         3010    i.USBD_LL_Transmit  usbd_conf.o
    0x08005004   0x00000028   Code   RO          154    i.USBD_ParseSetupRequest  usbd_ctlreq.o
    0x0800502c   0x00000016   Code   RO          254    i.USBD_RegisterClass  usbd_core.o
    0x08005042   0x0000001c   Code   RO          256    i.USBD_SetClassConfig  usbd_core.o
    0x0800505e   0x00000002   PAD
    0x08005060   0x00000070   Code   RO          155    i.USBD_SetConfig    usbd_ctlreq.o
    0x080050d0   0x0000000a   Code   RO          257    i.USBD_Start        usbd_core.o
    0x080050da   0x000000ee   Code   RO          156    i.USBD_StdDevReq    usbd_ctlreq.o
    0x080051c8   0x000000ea   Code   RO          157    i.USBD_StdEPReq     usbd_ctlreq.o
    0x080052b2   0x0000003a   Code   RO          158    i.USBD_StdItfReq    usbd_ctlreq.o
    0x080052ec   0x0000001e   Code   RO          258    i.USBD_Stop         usbd_core.o
    0x0800530a   0x00000002   Code   RO         3011    i.USBD_static_free  usbd_conf.o
    0x0800530c   0x00000008   Code   RO         3012    i.USBD_static_malloc  usbd_conf.o
    0x08005314   0x00000010   Code   RO         3316    i.USB_IRQHandler    stm32l0xx_it.o
    0x08005324   0x0000001c   Code   RO         3768    i.__0fprintf$8      mc_p.l(printf8.o)
    0x08005340   0x00000020   Code   RO         3769    i.__0printf$8       mc_p.l(printf8.o)
    0x08005360   0x00000028   Code   RO         3771    i.__0sprintf$8      mc_p.l(printf8.o)
    0x08005388   0x0000002e   Code   RO         3862    i.__ARM_clz         mf_p.l(depilogue.o)
    0x080053b6   0x0000001a   Code   RO          206    i.__ARM_common_switch8  usbd_ctlreq.o
    0x080053d0   0x0000000e   Code   RO         3874    i.__scatterload_copy  mc_p.l(handlers.o)
    0x080053de   0x00000002   Code   RO         3875    i.__scatterload_null  mc_p.l(handlers.o)
    0x080053e0   0x0000000e   Code   RO         3876    i.__scatterload_zeroinit  mc_p.l(handlers.o)
    0x080053ee   0x00000002   PAD
    0x080053f0   0x00000428   Code   RO         3776    i._printf_core      mc_p.l(printf8.o)
    0x08005818   0x00000020   Code   RO         3777    i._printf_post_padding  mc_p.l(printf8.o)
    0x08005838   0x0000002c   Code   RO         3778    i._printf_pre_padding  mc_p.l(printf8.o)
    0x08005864   0x0000000a   Code   RO         3780    i._sputc            mc_p.l(printf8.o)
    0x0800586e   0x00000002   PAD
    0x08005870   0x0000002c   Code   RO         2909    i.fputc             main.o
    0x0800589c   0x00000290   Code   RO         2910    i.main              main.o
    0x08005b2c   0x00000019   Data   RO            5    .constdata          system_stm32l0xx.o
    0x08005b45   0x00000008   Data   RO            6    .constdata          system_stm32l0xx.o
    0x08005b4d   0x00000003   PAD
    0x08005b50   0x00000024   Data   RO         3254    .constdata          usbd_dfu_if.o
    0x08005b74   0x0000000c   Data   RO         3546    .constdata          mc_p.l(localtime.o)
    0x08005b80   0x00000039   Data   RO         3550    .constdata          mc_p.l(asctime.o)
    0x08005bb9   0x00000003   PAD
    0x08005bbc   0x00000090   Data   RO         2914    .conststring        main.o
    0x08005c4c   0x00000166   Data   RO         3459    .conststring        dice.o
    0x08005db2   0x00000002   PAD
    0x08005db4   0x00000020   Data   RO         3872    Region$$Table       anon$$obj.o


    Execution Region RW_IRAM1 (Base: 0x20000100, Size: 0x000014d8, Max: 0x00004f00, ABSOLUTE)

    Base Addr    Size         Type   Attr      Idx    E Section Name        Object

    0x20000100   0x00000004   Data   RW            7    .data               system_stm32l0xx.o
    0x20000104   0x00000001   Data   RW          159    .data               usbd_ctlreq.o
    0x20000105   0x00000003   PAD
    0x20000108   0x0000003c   Data   RW          396    .data               usbd_dfu.o
    0x20000144   0x00000026   Data   RW          397    .data               usbd_dfu.o
    0x2000016a   0x00000002   PAD
    0x2000016c   0x00000004   Data   RW         2448    .data               stm32l0xx_hal.o
    0x20000170   0x00000004   Data   RW         2915    .data               main.o
    0x20000174   0x00000004   Data   RW         2917    .data               main.o
    0x20000178   0x0000001c   Data   RW         3255    .data               usbd_dfu_if.o
    0x20000194   0x0000001c   Data   RW         3393    .data               usbd_desc.o
    0x200001b0   0x00000016   Data   RW         3394    .data               usbd_desc.o
    0x200001c6   0x00000002   PAD
    0x200001c8   0x0000000c   Data   RW         3460    .data               dice.o
    0x200001d4   0x000000ff   Zero   RW          395    .bss                usbd_dfu.o
    0x200002d3   0x00000001   PAD
    0x200002d4   0x00000018   Zero   RW         1032    .bss                stm32l0xx_hal_flash.o
    0x200002ec   0x0000002c   Zero   RW         2911    .bss                main.o
    0x20000318   0x00000020   Zero   RW         2912    .bss                main.o
    0x20000338   0x0000007c   Zero   RW         2913    .bss                main.o
    0x200003b4   0x0000063c   Zero   RW         3013    .bss                usbd_conf.o
    0x200009f0   0x00000078   Zero   RW         3196    .bss                stm32l0xx_hal_msp.o
    0x20000a68   0x00000200   Zero   RW         3253    .bss                usbd_dfu_if.o
    0x20000c68   0x00000224   Zero   RW         3356    .bss                usb_device.o
    0x20000e8c   0x00000200   Zero   RW         3392    .bss                usbd_desc.o
    0x2000108c   0x0000002c   Zero   RW         3545    .bss                mc_p.l(localtime.o)
    0x200010b8   0x0000001a   Zero   RW         3549    .bss                mc_p.l(asctime.o)
    0x200010d2   0x00000006   PAD
    0x200010d8   0x00000500   Zero   RW          142    STACK               startup_stm32l082xx.o


==============================================================================

Image component sizes


      Code (inc. data)   RO Data    RW Data    ZI Data      Debug   Object Name

      2414        884        358         12          0      11685   dice.o
      1022        354        144          8        200       6848   main.o
        28          8        192          0       1280        572   startup_stm32l082xx.o
       164         30          0          4          0       4400   stm32l0xx_hal.o
       178         28          0          0          0      12055   stm32l0xx_hal_cortex.o
      1080         12          0          0          0      12128   stm32l0xx_hal_cryp.o
      1480         20          0          0          0       4520   stm32l0xx_hal_dma.o
       132         28          0          0          0       1520   stm32l0xx_hal_firewall.o
       428         66          0          0         24       7015   stm32l0xx_hal_flash.o
       120         12          0          0          0       2136   stm32l0xx_hal_flash_ex.o
       418         32          0          0          0       3440   stm32l0xx_hal_gpio.o
       384         42          0          0        120       2855   stm32l0xx_hal_msp.o
      3184        134          0          0          0      12116   stm32l0xx_hal_pcd.o
        58          0          0          0          0       1190   stm32l0xx_hal_pcd_ex.o
      1722        122          0          0          0       6689   stm32l0xx_hal_rcc.o
       372         14          0          0          0       1452   stm32l0xx_hal_rcc_ex.o
       164          0          0          0          0       1894   stm32l0xx_hal_rng.o
      1412         78          0          0          0       5927   stm32l0xx_hal_uart.o
        60         14          0          0          0       1715   stm32l0xx_it.o
        84         18         33          4          0     371287   system_stm32l0xx.o
        56         16          0          0        548        640   usb_device.o
       538         38          0          0       1596      13350   usbd_conf.o
       682          0          0          0          0      13780   usbd_core.o
      1034         34          0          1          0      12044   usbd_ctlreq.o
       220        124          0         50        512       4675   usbd_desc.o
      1302         68          0         98        255      16008   usbd_dfu.o
      1200        468         36         28        512      11074   usbd_dfu_if.o
       140          0          0          0          0       4156   usbd_ioreq.o

    ----------------------------------------------------------------------
     20106       2644        800        212       5048     547171   Object Totals
         0          0         32          0          0          0   (incl. Generated)
        30          0          5          7          1          0   (incl. Padding)

    ----------------------------------------------------------------------

      Code (inc. data)   RO Data    RW Data    ZI Data      Debug   Library Member Name

       192         22         57          0         26         80   asctime.o
         0          0          0          0          0          0   entry.o
         0          0          0          0          0          0   entry10a.o
         0          0          0          0          0          0   entry11a.o
         8          4          0          0          0          0   entry2.o
         4          0          0          0          0          0   entry5.o
         0          0          0          0          0          0   entry7b.o
         0          0          0          0          0          0   entry8b.o
         8          4          0          0          0          0   entry9a.o
        30          0          0          0          0          0   handlers.o
        40          0          0          0          0         72   idiv.o
        36          8          0          0          0         68   init.o
         0          0          0          0          0          0   iusefp.o
        32          0          0          0          0         68   llshl.o
        38          0          0          0          0         68   llsshr.o
        34          0          0          0          0         68   llushr.o
       120         16         12          0         44         72   localtime.o
        26          0          0          0          0         72   memcmp.o
        36          0          0          0          0         60   memcpya.o
        36          0          0          0          0        100   memseta.o
      1250         60          0          0          0        552   printf8.o
        14          0          0          0          0         60   strlen.o
        44          0          0          0          0         72   uidiv.o
        96          0          0          0          0         84   uldiv.o
       356          4          0          0          0        140   dadd.o
       240          6          0          0          0         84   ddiv.o
       236          0          0          0          0        216   depilogue.o
        60         10          0          0          0         68   dfixui.o
        28          4          0          0          0         68   dfltui.o
        28          6          0          0          0         68   dfltul.o
        44          0          0          0          0         72   dscalb.o

    ----------------------------------------------------------------------
      3042        144         72          0         76       2212   Library Totals
         6          0          3          0          6          0   (incl. Padding)

    ----------------------------------------------------------------------

      Code (inc. data)   RO Data    RW Data    ZI Data      Debug   Library Name

      2044        114         69          0         70       1496   mc_p.l
       992         30          0          0          0        716   mf_p.l

    ----------------------------------------------------------------------
      3042        144         72          0         76       2212   Library Totals

    ----------------------------------------------------------------------

==============================================================================


      Code (inc. data)   RO Data    RW Data    ZI Data      Debug   

     23148       2788        872        212       5124     540295   Grand Totals
     23148       2788        872        212       5124     540295   ELF Image Totals
     23148       2788        872        212          0          0   ROM Totals

==============================================================================

    Total RO  Size (Code + RO Data)                24020 (  23.46kB)
    Total RW  Size (RW Data + ZI Data)              5336 (   5.21kB)
    Total ROM Size (Code + RO Data + RW Data)      24232 (  23.66kB)

==============================================================================

