<html>
<body>
<pre>
<h1>µVision Build Log</h1>
<h2>Tool Versions:</h2>
IDE-Version: µVision V5.21.0.0
Copyright (C) 2016 ARM Ltd and ARM Germany GmbH. All rights reserved.
License Information: Stefan Thom, Microsoft, LIC=I2BZB-2BE98-UVKIZ-XKZK0-DQA6C-NE0JA
 
Tool Versions:
Toolchain:       MDK-ARM Cortex-M0/M0+ 256K for ST  Version: 5.21
Toolchain Path:  C:\Keil_v5\ARM\ARMCC\Bin
C Compiler:      Armcc.exe V5.06 update 3 (build 300)
Assembler:       Armasm.exe V5.06 update 3 (build 300)
Linker/Locator:  ArmLink.exe V5.06 update 3 (build 300)
Library Manager: ArmAr.exe V5.06 update 3 (build 300)
Hex Converter:   FromElf.exe V5.06 update 3 (build 300)
CPU DLL:         SARMCM3.DLL V5.21
Dialog DLL:      DARMCM1.DLL V1.14.0.0
Target DLL:      Segger\JL2CM3.dll V2.99.23.0
Dialog DLL:      TARMCM1.DLL V1.10.0.0
 
<h2>Project:</h2>
C:\NautilusDice\L0Dice\L0Dice\MDK-ARM\L0Dice.uvprojx
Project File Date:  08/29/2016

<h2>Output:</h2>
*** Using Compiler 'V5.06 update 3 (build 300)', folder: 'C:\Keil_v5\ARM\ARMCC\Bin'
Rebuild target 'L0Dice'
assembling startup_stm32l082xx.s...
compiling usbd_ctlreq.c...
"no source": Error:  #5: cannot open source input file "../Middlewares/ST/STM32_USB_Device_Library/Core/Src/usbd_ctlreq.c": No such file or directory
../Middlewares/ST/STM32_USB_Device_Library/Core/Src/usbd_ctlreq.c: 0 warnings, 1 error
compiling system_stm32l0xx.c...
"no source": Error:  #5: cannot open source input file "../Drivers/CMSIS/Device/ST/STM32L0xx/Source/Templates/system_stm32l0xx.c": No such file or directory
../Drivers/CMSIS/Device/ST/STM32L0xx/Source/Templates/system_stm32l0xx.c: 0 warnings, 1 error
compiling usbd_core.c...
"no source": Error:  #5: cannot open source input file "../Middlewares/ST/STM32_USB_Device_Library/Core/Src/usbd_core.c": No such file or directory
../Middlewares/ST/STM32_USB_Device_Library/Core/Src/usbd_core.c: 0 warnings, 1 error
compiling usbd_dfu.c...
"no source": Error:  #5: cannot open source input file "../Middlewares/ST/STM32_USB_Device_Library/Class/DFU/Src/usbd_dfu.c": No such file or directory
../Middlewares/ST/STM32_USB_Device_Library/Class/DFU/Src/usbd_dfu.c: 0 warnings, 1 error
compiling usbd_ioreq.c...
"no source": Error:  #5: cannot open source input file "../Middlewares/ST/STM32_USB_Device_Library/Core/Src/usbd_ioreq.c": No such file or directory
../Middlewares/ST/STM32_USB_Device_Library/Core/Src/usbd_ioreq.c: 0 warnings, 1 error
compiling stm32l0xx_hal_uart.c...
"no source": Error:  #5: cannot open source input file "../Drivers/STM32L0xx_HAL_Driver/Src/stm32l0xx_hal_uart.c": No such file or directory
../Drivers/STM32L0xx_HAL_Driver/Src/stm32l0xx_hal_uart.c: 0 warnings, 1 error
compiling stm32l0xx_hal_cortex.c...
"no source": Error:  #5: cannot open source input file "../Drivers/STM32L0xx_HAL_Driver/Src/stm32l0xx_hal_cortex.c": No such file or directory
../Drivers/STM32L0xx_HAL_Driver/Src/stm32l0xx_hal_cortex.c: 0 warnings, 1 error
compiling stm32l0xx_hal_flash_ex.c...
"no source": Error:  #5: cannot open source input file "../Drivers/STM32L0xx_HAL_Driver/Src/stm32l0xx_hal_flash_ex.c": No such file or directory
../Drivers/STM32L0xx_HAL_Driver/Src/stm32l0xx_hal_flash_ex.c: 0 warnings, 1 error
compiling stm32l0xx_hal_flash.c...
"no source": Error:  #5: cannot open source input file "../Drivers/STM32L0xx_HAL_Driver/Src/stm32l0xx_hal_flash.c": No such file or directory
../Drivers/STM32L0xx_HAL_Driver/Src/stm32l0xx_hal_flash.c: 0 warnings, 1 error
compiling stm32l0xx_hal_pwr.c...
"no source": Error:  #5: cannot open source input file "../Drivers/STM32L0xx_HAL_Driver/Src/stm32l0xx_hal_pwr.c": No such file or directory
../Drivers/STM32L0xx_HAL_Driver/Src/stm32l0xx_hal_pwr.c: 0 warnings, 1 error
compiling stm32l0xx_hal_gpio.c...
"no source": Error:  #5: cannot open source input file "../Drivers/STM32L0xx_HAL_Driver/Src/stm32l0xx_hal_gpio.c": No such file or directory
../Drivers/STM32L0xx_HAL_Driver/Src/stm32l0xx_hal_gpio.c: 0 warnings, 1 error
compiling stm32l0xx_hal_i2c_ex.c...
"no source": Error:  #5: cannot open source input file "../Drivers/STM32L0xx_HAL_Driver/Src/stm32l0xx_hal_i2c_ex.c": No such file or directory
../Drivers/STM32L0xx_HAL_Driver/Src/stm32l0xx_hal_i2c_ex.c: 0 warnings, 1 error
compiling stm32l0xx_hal_uart_ex.c...
"no source": Error:  #5: cannot open source input file "../Drivers/STM32L0xx_HAL_Driver/Src/stm32l0xx_hal_uart_ex.c": No such file or directory
../Drivers/STM32L0xx_HAL_Driver/Src/stm32l0xx_hal_uart_ex.c: 0 warnings, 1 error
compiling stm32l0xx_hal_i2c.c...
"no source": Error:  #5: cannot open source input file "../Drivers/STM32L0xx_HAL_Driver/Src/stm32l0xx_hal_i2c.c": No such file or directory
../Drivers/STM32L0xx_HAL_Driver/Src/stm32l0xx_hal_i2c.c: 0 warnings, 1 error
compiling stm32l0xx_hal_pcd.c...
"no source": Error:  #5: cannot open source input file "../Drivers/STM32L0xx_HAL_Driver/Src/stm32l0xx_hal_pcd.c": No such file or directory
../Drivers/STM32L0xx_HAL_Driver/Src/stm32l0xx_hal_pcd.c: 0 warnings, 1 error
compiling stm32l0xx_hal_flash_ramfunc.c...
"no source": Error:  #5: cannot open source input file "../Drivers/STM32L0xx_HAL_Driver/Src/stm32l0xx_hal_flash_ramfunc.c": No such file or directory
../Drivers/STM32L0xx_HAL_Driver/Src/stm32l0xx_hal_flash_ramfunc.c: 0 warnings, 1 error
compiling stm32l0xx_hal_pwr_ex.c...
"no source": Error:  #5: cannot open source input file "../Drivers/STM32L0xx_HAL_Driver/Src/stm32l0xx_hal_pwr_ex.c": No such file or directory
../Drivers/STM32L0xx_HAL_Driver/Src/stm32l0xx_hal_pwr_ex.c: 0 warnings, 1 error
compiling stm32l0xx_hal_tim_ex.c...
"no source": Error:  #5: cannot open source input file "../Drivers/STM32L0xx_HAL_Driver/Src/stm32l0xx_hal_tim_ex.c": No such file or directory
../Drivers/STM32L0xx_HAL_Driver/Src/stm32l0xx_hal_tim_ex.c: 0 warnings, 1 error
compiling stm32l0xx_hal_dma.c...
"no source": Error:  #5: cannot open source input file "../Drivers/STM32L0xx_HAL_Driver/Src/stm32l0xx_hal_dma.c": No such file or directory
../Drivers/STM32L0xx_HAL_Driver/Src/stm32l0xx_hal_dma.c: 0 warnings, 1 error
compiling stm32l0xx_hal_rcc_ex.c...
"no source": Error:  #5: cannot open source input file "../Drivers/STM32L0xx_HAL_Driver/Src/stm32l0xx_hal_rcc_ex.c": No such file or directory
../Drivers/STM32L0xx_HAL_Driver/Src/stm32l0xx_hal_rcc_ex.c: 0 warnings, 1 error
compiling stm32l0xx_hal_rcc.c...
"no source": Error:  #5: cannot open source input file "../Drivers/STM32L0xx_HAL_Driver/Src/stm32l0xx_hal_rcc.c": No such file or directory
../Drivers/STM32L0xx_HAL_Driver/Src/stm32l0xx_hal_rcc.c: 0 warnings, 1 error
compiling stm32l0xx_hal_rng.c...
"no source": Error:  #5: cannot open source input file "../Drivers/STM32L0xx_HAL_Driver/Src/stm32l0xx_hal_rng.c": No such file or directory
../Drivers/STM32L0xx_HAL_Driver/Src/stm32l0xx_hal_rng.c: 0 warnings, 1 error
compiling stm32l0xx_hal.c...
"no source": Error:  #5: cannot open source input file "../Drivers/STM32L0xx_HAL_Driver/Src/stm32l0xx_hal.c": No such file or directory
../Drivers/STM32L0xx_HAL_Driver/Src/stm32l0xx_hal.c: 0 warnings, 1 error
compiling stm32l0xx_hal_pcd_ex.c...
"no source": Error:  #5: cannot open source input file "../Drivers/STM32L0xx_HAL_Driver/Src/stm32l0xx_hal_pcd_ex.c": No such file or directory
../Drivers/STM32L0xx_HAL_Driver/Src/stm32l0xx_hal_pcd_ex.c: 0 warnings, 1 error
compiling stm32l0xx_hal_tim.c...
"no source": Error:  #5: cannot open source input file "../Drivers/STM32L0xx_HAL_Driver/Src/stm32l0xx_hal_tim.c": No such file or directory
../Drivers/STM32L0xx_HAL_Driver/Src/stm32l0xx_hal_tim.c: 0 warnings, 1 error
compiling stm32l0xx_hal_cryp_ex.c...
"no source": Error:  #5: cannot open source input file "..\Drivers\STM32L0xx_HAL_Driver\Src\stm32l0xx_hal_cryp_ex.c": No such file or directory
..\Drivers\STM32L0xx_HAL_Driver\Src\stm32l0xx_hal_cryp_ex.c: 0 warnings, 1 error
compiling stm32l0xx_hal_cryp.c...
"no source": Error:  #5: cannot open source input file "..\Drivers\STM32L0xx_HAL_Driver\Src\stm32l0xx_hal_cryp.c": No such file or directory
..\Drivers\STM32L0xx_HAL_Driver\Src\stm32l0xx_hal_cryp.c: 0 warnings, 1 error
compiling stm32l0xx_hal_firewall.c...
"no source": Error:  #5: cannot open source input file "..\Drivers\STM32L0xx_HAL_Driver\Src\stm32l0xx_hal_firewall.c": No such file or directory
..\Drivers\STM32L0xx_HAL_Driver\Src\stm32l0xx_hal_firewall.c: 0 warnings, 1 error
compiling usbd_conf.c...
"no source": Error:  #5: cannot open source input file "../Src/usbd_conf.c": No such file or directory
../Src/usbd_conf.c: 0 warnings, 1 error
compiling main.c...
"no source": Error:  #5: cannot open source input file "../Src/main.c": No such file or directory
../Src/main.c: 0 warnings, 1 error
compiling stm32l0xx_hal_msp.c...
"no source": Error:  #5: cannot open source input file "../Src/stm32l0xx_hal_msp.c": No such file or directory
../Src/stm32l0xx_hal_msp.c: 0 warnings, 1 error
compiling stm32l0xx_it.c...
"no source": Error:  #5: cannot open source input file "../Src/stm32l0xx_it.c": No such file or directory
../Src/stm32l0xx_it.c: 0 warnings, 1 error
compiling usbd_dfu_if.c...
"no source": Error:  #5: cannot open source input file "../Src/usbd_dfu_if.c": No such file or directory
../Src/usbd_dfu_if.c: 0 warnings, 1 error
compiling usb_device.c...
"no source": Error:  #5: cannot open source input file "../Src/usb_device.c": No such file or directory
../Src/usb_device.c: 0 warnings, 1 error
compiling Dice.c...
"no source": Error:  #5: cannot open source input file "..\Middlewares\Dice\Dice.c": No such file or directory
..\Middlewares\Dice\Dice.c: 0 warnings, 1 error
compiling usbd_desc.c...
"no source": Error:  #5: cannot open source input file "../Src/usbd_desc.c": No such file or directory
../Src/usbd_desc.c: 0 warnings, 1 error
linking...
Program Size: Code=23148 RO-data=872 RW-data=212 ZI-data=5124  
FromELF: creating hex file...
"L0Dice\L0Dice.axf" - 0 Error(s), 0 Warning(s).

<h2>Software Packages used:</h2>

Package Vendor: ARM
                http://www.keil.com/pack/ARM.CMSIS.5.0.0-Beta4.pack
                ARM::CMSIS:CORE:5.0.0
                CMSIS (Cortex Microcontroller Software Interface Standard)
   * Component: CORE Version: 5.0.0

<h2>Collection of Component include folders:</h2>
  C:\NautilusDice\L0Dice\L0Dice\MDK-ARM\RTE
  C:\Keil_v5\ARM\PACK\ARM\CMSIS\5.0.0-Beta4\CMSIS\Include
  C:\Keil_v5\ARM\PACK\Keil\STM32L0xx_DFP\1.6.0\Device\Include

<h2>Collection of Component Files used:</h2>

   * Component: ARM::CMSIS:CORE:5.0.0
Build Time Elapsed:  00:00:04
</pre>
</body>
</html>
